INFO Draco mesh compression is available, use library at /Volumes/Blender 1/Blender.app/Contents/Resources/4.5/scripts/addons_core/io_scene_gltf2/libextern_draco.dylib
21:58:11 | INFO: Starting glTF 2.0 export
21:58:11 | INFO: Extracting primitive: prop_magic_card
21:58:11 | INFO: Primitives created: 3
21:58:11 | INFO: Finished glTF 2.0 export in 0.0051610469818115234 s
Blender 4.5.0 (hash 8cb6b388974a built 2025-07-15 01:35:28)
Fra:1 Mem:78.43M (Peak 78.43M) | Time:00:00.43 | Rendering 1 / 64 samples
Fra:1 Mem:78.72M (Peak 78.72M) | Time:00:00.46 | Rendering 25 / 64 samples
Fra:1 Mem:78.67M (Peak 78.72M) | Time:00:00.74 | Rendering 50 / 64 samples
Fra:1 Mem:78.80M (Peak 78.80M) | Time:00:00.75 | Rendering 64 / 64 samples
Saved: '/Users/quyen.tran5/lairgame/assets/previews/cards-pixel/cards-pixel-sheet-1.png'
Time: 00:00.95 (Saving: 00:00.05)

Fra:1 Mem:78.72M (Peak 78.72M) | Time:00:00.00 | Rendering 1 / 64 samples
Fra:1 Mem:78.60M (Peak 78.72M) | Time:00:00.00 | Rendering 25 / 64 samples
Fra:1 Mem:78.53M (Peak 78.72M) | Time:00:00.24 | Rendering 50 / 64 samples
Fra:1 Mem:78.66M (Peak 78.72M) | Time:00:00.45 | Rendering 64 / 64 samples
Saved: '/Users/quyen.tran5/lairgame/assets/previews/cards-pixel/cards-pixel-sheet-2.png'
Time: 00:00.51 (Saving: 00:00.05)

Fra:1 Mem:61.42M (Peak 61.42M) | Time:00:00.00 | Rendering 1 / 64 samples
Fra:1 Mem:61.60M (Peak 61.60M) | Time:00:00.00 | Rendering 25 / 64 samples
Fra:1 Mem:61.54M (Peak 61.60M) | Time:00:00.15 | Rendering 50 / 64 samples
Fra:1 Mem:61.67M (Peak 61.67M) | Time:00:00.15 | Rendering 64 / 64 samples
Saved: '/Users/quyen.tran5/lairgame/assets/previews/cards-pixel/cards-pixel-sheet-twins.png'
Time: 00:00.27 (Saving: 00:00.01)

Fra:1 Mem:69.47M (Peak 69.75M) | Time:00:00.00 | Rendering 1 / 64 samples
Fra:1 Mem:69.66M (Peak 69.75M) | Time:00:00.00 | Rendering 25 / 64 samples
Fra:1 Mem:69.66M (Peak 69.75M) | Time:00:00.18 | Rendering 50 / 64 samples
Fra:1 Mem:69.47M (Peak 69.75M) | Time:00:00.33 | Rendering 64 / 64 samples
Saved: '/Users/quyen.tran5/lairgame/assets/previews/cards-pixel/cards-pixel-sheet-overlays.png'
Time: 00:00.37 (Saving: 00:00.02)

Fra:1 Mem:72.17M (Peak 72.17M) | Time:00:00.00 | Rendering 1 / 64 samples
Fra:1 Mem:72.37M (Peak 72.37M) | Time:00:00.00 | Rendering 25 / 64 samples
Fra:1 Mem:72.31M (Peak 72.37M) | Time:00:00.18 | Rendering 50 / 64 samples
Fra:1 Mem:72.43M (Peak 72.43M) | Time:00:00.18 | Rendering 64 / 64 samples
Saved: '/Users/quyen.tran5/lairgame/assets/previews/cards-pixel/cards-pixel-sheet-120.png'
Time: 00:00.35 (Saving: 00:00.02)

Fra:1 Mem:61.73M (Peak 61.73M) | Time:00:00.00 | Rendering 1 / 64 samples
Fra:1 Mem:61.92M (Peak 61.92M) | Time:00:00.00 | Rendering 25 / 64 samples
Fra:1 Mem:61.86M (Peak 61.92M) | Time:00:00.14 | Rendering 50 / 64 samples
Fra:1 Mem:61.98M (Peak 61.98M) | Time:00:00.14 | Rendering 64 / 64 samples
Saved: '/Users/quyen.tran5/lairgame/assets/previews/cards-pixel/cards-pixel-sheet-overlays-120.png'
Time: 00:00.24 (Saving: 00:00.00)

Fra:1 Mem:65.62M (Peak 65.62M) | Time:00:00.00 | Rendering 1 / 64 samples
Fra:1 Mem:65.55M (Peak 65.62M) | Time:00:00.00 | Rendering 25 / 64 samples
Fra:1 Mem:65.49M (Peak 65.62M) | Time:00:00.14 | Rendering 50 / 64 samples
Fra:1 Mem:65.62M (Peak 65.62M) | Time:00:00.15 | Rendering 64 / 64 samples
Saved: '/Users/quyen.tran5/lairgame/assets/previews/cards-pixel/cards-pixel-sheet-56.png'
Time: 00:00.24 (Saving: 00:00.00)

Fra:1 Mem:60.39M (Peak 60.39M) | Time:00:00.00 | Rendering 1 / 64 samples
Fra:1 Mem:60.33M (Peak 60.39M) | Time:00:00.00 | Rendering 25 / 64 samples
Fra:1 Mem:60.27M (Peak 60.39M) | Time:00:00.13 | Rendering 50 / 64 samples
Fra:1 Mem:60.39M (Peak 60.39M) | Time:00:00.13 | Rendering 64 / 64 samples
Saved: '/Users/quyen.tran5/lairgame/assets/previews/cards-pixel/cards-pixel-sheet-overlays-56.png'
Time: 00:00.22 (Saving: 00:00.00)

Fra:1 Mem:68.77M (Peak 68.77M) | Time:00:00.00 | Rendering 1 / 64 samples
Fra:1 Mem:68.70M (Peak 68.77M) | Time:00:00.00 | Rendering 25 / 64 samples
Fra:1 Mem:68.64M (Peak 68.77M) | Time:00:00.16 | Rendering 50 / 64 samples
Fra:1 Mem:68.77M (Peak 68.77M) | Time:00:00.16 | Rendering 64 / 64 samples
Saved: '/Users/quyen.tran5/lairgame/assets/previews/cards-pixel/magic-card-front.png'
Time: 00:00.31 (Saving: 00:00.02)

Fra:1 Mem:68.52M (Peak 68.52M) | Time:00:00.00 | Rendering 1 / 64 samples
Fra:1 Mem:68.70M (Peak 68.70M) | Time:00:00.00 | Rendering 25 / 64 samples
Fra:1 Mem:68.64M (Peak 68.70M) | Time:00:00.16 | Rendering 50 / 64 samples
Fra:1 Mem:68.77M (Peak 68.77M) | Time:00:00.16 | Rendering 64 / 64 samples
Saved: '/Users/quyen.tran5/lairgame/assets/previews/cards-pixel/magic-card-back.png'
Time: 00:00.30 (Saving: 00:00.02)


Info: Saved as "magic_cards_pixel.blend"
Info: Saved as "magic_cards_preview.blend"
PIXEL_CARDS_OK: 22 faces, back, 6 overlays; GLB, packed blend sources and Blender previews

Blender quit
