INFO Draco mesh compression is available, use library at /Volumes/Blender 1/Blender.app/Contents/Resources/4.5/scripts/addons_core/io_scene_gltf2/libextern_draco.dylib
01:40:28 | INFO: Starting glTF 2.0 export
01:40:28 | INFO: Extracting primitive: env_saloon_mesh
01:40:28 | INFO: Primitives created: 12
01:40:28 | INFO: Extracting primitive: saloon_sign
01:40:28 | INFO: Primitives created: 1
01:40:28 | INFO: Finished glTF 2.0 export in 0.07940673828125 s
Blender 4.5.0 (hash 8cb6b388974a built 2025-07-15 01:35:28)
Fra:1 Mem:18.70M (Peak 45.88M) | Time:00:00.04 | Mem:0.00M, Peak:0.00M | Scene, ViewLayer | Synchronizing object | env_saloon
Fra:1 Mem:18.70M (Peak 45.88M) | Time:00:00.04 | Mem:0.00M, Peak:0.00M | Scene, ViewLayer | Synchronizing object | env_saloon_sign
Fra:1 Mem:18.70M (Peak 45.88M) | Time:00:00.04 | Mem:0.00M, Peak:0.00M | Scene, ViewLayer | Synchronizing object | preview_rim
Fra:1 Mem:19.75M (Peak 45.88M) | Time:00:00.04 | Mem:0.00M, Peak:0.00M | Scene, ViewLayer | Synchronizing object | preview_fill
Fra:1 Mem:23.01M (Peak 45.88M) | Time:00:00.04 | Mem:0.00M, Peak:0.00M | Scene, ViewLayer | Initializing
Fra:1 Mem:18.56M (Peak 45.88M) | Time:00:00.04 | Mem:0.00M, Peak:0.00M | Scene, ViewLayer | Waiting for render to start
Fra:1 Mem:18.56M (Peak 45.88M) | Time:00:00.04 | Mem:0.00M, Peak:0.00M | Scene, ViewLayer | Updating Scene
Fra:1 Mem:18.56M (Peak 45.88M) | Time:00:00.04 | Mem:0.00M, Peak:0.00M | Scene, ViewLayer | Updating Shaders
Fra:1 Mem:18.65M (Peak 45.88M) | Time:00:00.04 | Mem:0.00M, Peak:0.00M | Scene, ViewLayer | Loading render kernels (may take a few minutes the first time)
Fra:1 Mem:18.65M (Peak 45.88M) | Time:00:00.04 | Mem:0.01M, Peak:0.01M | Scene, ViewLayer | Updating Procedurals
Fra:1 Mem:18.65M (Peak 45.88M) | Time:00:00.04 | Mem:0.01M, Peak:0.01M | Scene, ViewLayer | Updating Background
Fra:1 Mem:18.65M (Peak 45.88M) | Time:00:00.04 | Mem:0.01M, Peak:0.01M | Scene, ViewLayer | Updating Camera
Fra:1 Mem:18.65M (Peak 45.88M) | Time:00:00.04 | Mem:0.01M, Peak:0.01M | Scene, ViewLayer | Updating Meshes Flags
Fra:1 Mem:18.65M (Peak 45.88M) | Time:00:00.04 | Mem:0.01M, Peak:0.01M | Scene, ViewLayer | Updating Objects
Fra:1 Mem:18.65M (Peak 45.88M) | Time:00:00.04 | Mem:0.01M, Peak:0.01M | Scene, ViewLayer | Updating Objects | Copying Transformations to device
Fra:1 Mem:18.65M (Peak 45.88M) | Time:00:00.04 | Mem:0.01M, Peak:0.01M | Scene, ViewLayer | Updating Particle Systems
Fra:1 Mem:18.65M (Peak 45.88M) | Time:00:00.04 | Mem:0.01M, Peak:0.01M | Scene, ViewLayer | Updating Particle Systems | Copying Particles to device
Fra:1 Mem:18.65M (Peak 45.88M) | Time:00:00.04 | Mem:0.01M, Peak:0.01M | Scene, ViewLayer | Updating Meshes
Fra:1 Mem:18.65M (Peak 45.88M) | Time:00:00.04 | Mem:0.01M, Peak:0.01M | Scene, ViewLayer | Updating Objects | Applying Static Transformations
Fra:1 Mem:18.65M (Peak 45.88M) | Time:00:00.04 | Mem:0.01M, Peak:0.01M | Scene, ViewLayer | Updating Mesh | Computing attributes
Fra:1 Mem:19.02M (Peak 45.88M) | Time:00:00.04 | Mem:0.01M, Peak:0.01M | Scene, ViewLayer | Updating Mesh | Copying Attributes to device
Fra:1 Mem:19.01M (Peak 45.88M) | Time:00:00.04 | Mem:0.38M, Peak:0.38M | Scene, ViewLayer | Updating Scene BVH | Building
Fra:1 Mem:19.01M (Peak 45.88M) | Time:00:00.04 | Mem:0.38M, Peak:0.38M | Scene, ViewLayer | Updating Scene BVH | Building BVH
Fra:1 Mem:19.01M (Peak 45.88M) | Time:00:00.04 | Mem:2.20M, Peak:2.20M | Scene, ViewLayer | Updating Scene BVH | Building BVH 0%
Fra:1 Mem:19.01M (Peak 45.88M) | Time:00:00.04 | Mem:4.37M, Peak:6.19M | Scene, ViewLayer | Updating Scene BVH | Copying BVH to device
Fra:1 Mem:19.01M (Peak 45.88M) | Time:00:00.04 | Mem:4.37M, Peak:6.19M | Scene, ViewLayer | Updating Mesh | Computing normals
Fra:1 Mem:20.66M (Peak 45.88M) | Time:00:00.04 | Mem:4.37M, Peak:6.19M | Scene, ViewLayer | Updating Mesh | Copying Mesh to device
Fra:1 Mem:20.66M (Peak 45.88M) | Time:00:00.04 | Mem:6.01M, Peak:6.19M | Scene, ViewLayer | Updating Objects Flags
Fra:1 Mem:20.66M (Peak 45.88M) | Time:00:00.04 | Mem:6.01M, Peak:6.19M | Scene, ViewLayer | Updating Primitive Offsets
Fra:1 Mem:20.66M (Peak 45.88M) | Time:00:00.04 | Mem:6.01M, Peak:6.19M | Scene, ViewLayer | Updating Images
Fra:1 Mem:20.66M (Peak 45.88M) | Time:00:00.04 | Mem:6.01M, Peak:6.19M | Scene, ViewLayer | Updating Camera Volume
Fra:1 Mem:20.66M (Peak 45.88M) | Time:00:00.04 | Mem:6.01M, Peak:6.19M | Scene, ViewLayer | Updating Lookup Tables
Fra:1 Mem:20.66M (Peak 45.88M) | Time:00:00.04 | Mem:6.10M, Peak:6.19M | Scene, ViewLayer | Updating Lights
Fra:1 Mem:20.66M (Peak 45.88M) | Time:00:00.04 | Mem:6.10M, Peak:6.19M | Scene, ViewLayer | Updating Lights | Computing tree
Fra:1 Mem:20.91M (Peak 45.88M) | Time:00:00.04 | Mem:6.35M, Peak:6.35M | Scene, ViewLayer | Updating Integrator
Fra:1 Mem:20.91M (Peak 45.88M) | Time:00:00.04 | Mem:6.35M, Peak:6.35M | Scene, ViewLayer | Updating Film
Fra:1 Mem:20.91M (Peak 45.88M) | Time:00:00.04 | Mem:6.27M, Peak:6.35M | Scene, ViewLayer | Updating Lookup Tables
Fra:1 Mem:20.91M (Peak 45.88M) | Time:00:00.04 | Mem:6.35M, Peak:6.35M | Scene, ViewLayer | Updating Baking
Fra:1 Mem:20.91M (Peak 45.88M) | Time:00:00.04 | Mem:6.35M, Peak:6.35M | Scene, ViewLayer | Updating Device | Writing constant memory
Fra:1 Mem:20.92M (Peak 45.88M) | Time:00:00.04 | Mem:6.35M, Peak:6.35M | Scene, ViewLayer | Loading denoising kernels (may take a few minutes the first time)
Fra:1 Mem:20.92M (Peak 45.88M) | Time:00:00.04 | Mem:6.35M, Peak:6.35M | Scene, ViewLayer | Sample 0/32
Fra:1 Mem:122.55M (Peak 122.55M) | Time:00:00.43 | Remaining:00:12.03 | Mem:107.82M, Peak:107.82M | Scene, ViewLayer | Sample 1/32
Fra:1 Mem:165.28M (Peak 229.36M) | Time:00:14.04 | Mem:107.82M, Peak:107.82M | Scene, ViewLayer | Sample 32/32
Fra:1 Mem:165.28M (Peak 229.36M) | Time:00:14.04 | Mem:107.82M, Peak:107.82M | Scene, ViewLayer | Finished
Saved: '/Users/quyen.tran5/lairgame/assets/previews/environment.png'
Time: 00:14.21 (Saving: 00:00.16)


Info: Saved as "env_saloon.blend"
01:40:43 | INFO: Starting glTF 2.0 export
01:40:43 | INFO: Extracting primitive: char_coyote_body_mesh
/Volumes/Blender 1/Blender.app/Contents/Resources/4.5/scripts/addons_core/io_scene_gltf2/blender/exp/primitive_extract.py:73: RuntimeWarning: divide by zero encountered in matmul
  res = np.matmul(vectors, np.array(m.transposed()))
/Volumes/Blender 1/Blender.app/Contents/Resources/4.5/scripts/addons_core/io_scene_gltf2/blender/exp/primitive_extract.py:73: RuntimeWarning: overflow encountered in matmul
  res = np.matmul(vectors, np.array(m.transposed()))
/Volumes/Blender 1/Blender.app/Contents/Resources/4.5/scripts/addons_core/io_scene_gltf2/blender/exp/primitive_extract.py:73: RuntimeWarning: invalid value encountered in matmul
  res = np.matmul(vectors, np.array(m.transposed()))
01:40:43 | INFO: Primitives created: 4
01:40:43 | INFO: Extracting primitive: finger_index_l_cap_mesh
01:40:43 | INFO: Primitives created: 1
01:40:43 | INFO: Extracting primitive: finger_index_l_prosthetic_mesh
01:40:43 | INFO: Primitives created: 2
01:40:43 | INFO: Extracting primitive: finger_index_l_real_mesh
01:40:43 | INFO: Primitives created: 1
01:40:43 | INFO: Extracting primitive: finger_index_r_cap_mesh
01:40:43 | INFO: Primitives created: 1
01:40:43 | INFO: Extracting primitive: finger_index_r_prosthetic_mesh
01:40:43 | INFO: Primitives created: 2
01:40:43 | INFO: Extracting primitive: finger_index_r_real_mesh
01:40:43 | INFO: Primitives created: 1
01:40:43 | INFO: Extracting primitive: finger_middle_l_cap_mesh
01:40:43 | INFO: Primitives created: 1
01:40:43 | INFO: Extracting primitive: finger_middle_l_prosthetic_mesh
01:40:43 | INFO: Primitives created: 2
01:40:43 | INFO: Extracting primitive: finger_middle_l_real_mesh
01:40:43 | INFO: Primitives created: 1
01:40:43 | INFO: Extracting primitive: finger_middle_r_cap_mesh
01:40:43 | INFO: Primitives created: 1
01:40:43 | INFO: Extracting primitive: finger_middle_r_prosthetic_mesh
01:40:43 | INFO: Primitives created: 2
01:40:43 | INFO: Extracting primitive: finger_middle_r_real_mesh
01:40:43 | INFO: Primitives created: 1
01:40:43 | INFO: Extracting primitive: finger_pinky_l_cap_mesh
01:40:43 | INFO: Primitives created: 1
01:40:43 | INFO: Extracting primitive: finger_pinky_l_prosthetic_mesh
01:40:43 | INFO: Primitives created: 2
01:40:43 | INFO: Extracting primitive: finger_pinky_l_real_mesh
01:40:43 | INFO: Primitives created: 1
01:40:43 | INFO: Extracting primitive: finger_pinky_r_cap_mesh
01:40:43 | INFO: Primitives created: 1
01:40:43 | INFO: Extracting primitive: finger_pinky_r_prosthetic_mesh
01:40:43 | INFO: Primitives created: 2
01:40:43 | INFO: Extracting primitive: finger_pinky_r_real_mesh
01:40:43 | INFO: Primitives created: 1
01:40:43 | INFO: Extracting primitive: finger_ring_l_cap_mesh
01:40:43 | INFO: Primitives created: 1
01:40:43 | INFO: Extracting primitive: finger_ring_l_prosthetic_mesh
01:40:43 | INFO: Primitives created: 2
01:40:43 | INFO: Extracting primitive: finger_ring_l_real_mesh
01:40:43 | INFO: Primitives created: 1
01:40:43 | INFO: Extracting primitive: finger_ring_r_cap_mesh
01:40:43 | INFO: Primitives created: 1
01:40:43 | INFO: Extracting primitive: finger_ring_r_prosthetic_mesh
01:40:43 | INFO: Primitives created: 2
01:40:43 | INFO: Extracting primitive: finger_ring_r_real_mesh
01:40:43 | INFO: Primitives created: 1
01:40:43 | INFO: Extracting primitive: finger_thumb_l_cap_mesh
01:40:43 | INFO: Primitives created: 1
01:40:43 | INFO: Extracting primitive: finger_thumb_l_prosthetic_mesh
01:40:43 | INFO: Primitives created: 2
01:40:43 | INFO: Extracting primitive: finger_thumb_l_real_mesh
01:40:43 | INFO: Primitives created: 1
01:40:43 | INFO: Extracting primitive: finger_thumb_r_cap_mesh
01:40:43 | INFO: Primitives created: 1
01:40:43 | INFO: Extracting primitive: finger_thumb_r_prosthetic_mesh
01:40:43 | INFO: Primitives created: 2
01:40:43 | INFO: Extracting primitive: finger_thumb_r_real_mesh
01:40:43 | INFO: Primitives created: 1
01:40:45 | INFO: Finished glTF 2.0 export in 2.65047025680542 s
Fra:1 Mem:18.01M (Peak 18.01M) | Time:00:00.00 | Mem:0.00M, Peak:0.00M | Scene, ViewLayer | Synchronizing object | char_coyote_body
Fra:1 Mem:18.02M (Peak 18.02M) | Time:00:00.00 | Mem:0.00M, Peak:0.00M | Scene, ViewLayer | Synchronizing object | finger_thumb_l_real
Fra:1 Mem:18.15M (Peak 18.15M) | Time:00:00.00 | Mem:0.00M, Peak:0.00M | Scene, ViewLayer | Synchronizing object | finger_middle_l_real
Fra:1 Mem:18.67M (Peak 18.67M) | Time:00:00.00 | Mem:0.00M, Peak:0.00M | Scene, ViewLayer | Synchronizing object | finger_ring_l_real
Fra:1 Mem:18.69M (Peak 18.69M) | Time:00:00.00 | Mem:0.00M, Peak:0.00M | Scene, ViewLayer | Synchronizing object | preview_rim
Fra:1 Mem:18.70M (Peak 18.70M) | Time:00:00.00 | Mem:0.00M, Peak:0.00M | Scene, ViewLayer | Synchronizing object | preview_fill
Fra:1 Mem:18.70M (Peak 18.70M) | Time:00:00.00 | Mem:0.00M, Peak:0.00M | Scene, ViewLayer | Synchronizing object | preview_key
Fra:1 Mem:18.70M (Peak 18.70M) | Time:00:00.00 | Mem:0.00M, Peak:0.00M | Scene, ViewLayer | Synchronizing object | preview_floor
Fra:1 Mem:18.82M (Peak 18.82M) | Time:00:00.00 | Mem:0.00M, Peak:0.00M | Scene, ViewLayer | Synchronizing object | finger_pinky_r_real
Fra:1 Mem:18.88M (Peak 18.88M) | Time:00:00.00 | Mem:0.00M, Peak:0.00M | Scene, ViewLayer | Initializing
Fra:1 Mem:17.17M (Peak 18.88M) | Time:00:00.00 | Mem:0.00M, Peak:0.00M | Scene, ViewLayer | Waiting for render to start
Fra:1 Mem:17.17M (Peak 18.88M) | Time:00:00.00 | Mem:0.00M, Peak:0.00M | Scene, ViewLayer | Updating Scene
Fra:1 Mem:17.17M (Peak 18.88M) | Time:00:00.00 | Mem:0.00M, Peak:0.00M | Scene, ViewLayer | Updating Shaders
Fra:1 Mem:17.26M (Peak 18.88M) | Time:00:00.00 | Mem:0.00M, Peak:0.00M | Scene, ViewLayer | Loading render kernels (may take a few minutes the first time)
Fra:1 Mem:17.26M (Peak 18.88M) | Time:00:00.00 | Mem:0.00M, Peak:0.00M | Scene, ViewLayer | Updating Procedurals
Fra:1 Mem:17.26M (Peak 18.88M) | Time:00:00.00 | Mem:0.00M, Peak:0.00M | Scene, ViewLayer | Updating Background
Fra:1 Mem:17.26M (Peak 18.88M) | Time:00:00.00 | Mem:0.00M, Peak:0.00M | Scene, ViewLayer | Updating Camera
Fra:1 Mem:17.26M (Peak 18.88M) | Time:00:00.00 | Mem:0.00M, Peak:0.00M | Scene, ViewLayer | Updating Meshes Flags
Fra:1 Mem:17.26M (Peak 18.88M) | Time:00:00.00 | Mem:0.00M, Peak:0.00M | Scene, ViewLayer | Updating Objects
Fra:1 Mem:17.26M (Peak 18.88M) | Time:00:00.00 | Mem:0.00M, Peak:0.00M | Scene, ViewLayer | Updating Objects | Copying Transformations to device
Fra:1 Mem:17.26M (Peak 18.88M) | Time:00:00.00 | Mem:0.01M, Peak:0.01M | Scene, ViewLayer | Updating Particle Systems
Fra:1 Mem:17.26M (Peak 18.88M) | Time:00:00.00 | Mem:0.01M, Peak:0.01M | Scene, ViewLayer | Updating Particle Systems | Copying Particles to device
Fra:1 Mem:17.26M (Peak 18.88M) | Time:00:00.00 | Mem:0.01M, Peak:0.01M | Scene, ViewLayer | Updating Meshes
Fra:1 Mem:17.26M (Peak 18.88M) | Time:00:00.00 | Mem:0.01M, Peak:0.01M | Scene, ViewLayer | Updating Objects | Applying Static Transformations
Fra:1 Mem:17.26M (Peak 18.88M) | Time:00:00.00 | Mem:0.01M, Peak:0.01M | Scene, ViewLayer | Updating Mesh | Computing attributes
Fra:1 Mem:17.35M (Peak 18.88M) | Time:00:00.00 | Mem:0.01M, Peak:0.01M | Scene, ViewLayer | Updating Mesh | Copying Attributes to device
Fra:1 Mem:17.35M (Peak 18.88M) | Time:00:00.00 | Mem:0.10M, Peak:0.10M | Scene, ViewLayer | Updating Scene BVH | Building
Fra:1 Mem:17.35M (Peak 18.88M) | Time:00:00.00 | Mem:0.10M, Peak:0.10M | Scene, ViewLayer | Updating Scene BVH | Building BVH
Fra:1 Mem:17.35M (Peak 18.88M) | Time:00:00.00 | Mem:0.48M, Peak:0.48M | Scene, ViewLayer | Updating Scene BVH | Building BVH 0%
Fra:1 Mem:17.35M (Peak 18.88M) | Time:00:00.00 | Mem:0.91M, Peak:1.30M | Scene, ViewLayer | Updating Scene BVH | Copying BVH to device
Fra:1 Mem:17.35M (Peak 18.88M) | Time:00:00.00 | Mem:0.91M, Peak:1.30M | Scene, ViewLayer | Updating Mesh | Computing normals
Fra:1 Mem:17.71M (Peak 18.88M) | Time:00:00.00 | Mem:0.91M, Peak:1.30M | Scene, ViewLayer | Updating Mesh | Copying Mesh to device
Fra:1 Mem:17.71M (Peak 18.88M) | Time:00:00.00 | Mem:1.27M, Peak:1.30M | Scene, ViewLayer | Updating Objects Flags
Fra:1 Mem:17.71M (Peak 18.88M) | Time:00:00.00 | Mem:1.28M, Peak:1.30M | Scene, ViewLayer | Updating Primitive Offsets
Fra:1 Mem:17.71M (Peak 18.88M) | Time:00:00.00 | Mem:1.28M, Peak:1.30M | Scene, ViewLayer | Updating Images
Fra:1 Mem:17.71M (Peak 18.88M) | Time:00:00.00 | Mem:1.28M, Peak:1.30M | Scene, ViewLayer | Updating Camera Volume
Fra:1 Mem:17.71M (Peak 18.88M) | Time:00:00.00 | Mem:1.28M, Peak:1.30M | Scene, ViewLayer | Updating Lookup Tables
Fra:1 Mem:17.71M (Peak 18.88M) | Time:00:00.00 | Mem:1.36M, Peak:1.36M | Scene, ViewLayer | Updating Lights
Fra:1 Mem:17.71M (Peak 18.88M) | Time:00:00.00 | Mem:1.36M, Peak:1.36M | Scene, ViewLayer | Updating Lights | Computing tree
Fra:1 Mem:17.72M (Peak 18.88M) | Time:00:00.00 | Mem:1.36M, Peak:1.36M | Scene, ViewLayer | Updating Integrator
Fra:1 Mem:17.72M (Peak 18.88M) | Time:00:00.00 | Mem:1.36M, Peak:1.36M | Scene, ViewLayer | Updating Film
Fra:1 Mem:17.72M (Peak 18.88M) | Time:00:00.00 | Mem:1.28M, Peak:1.36M | Scene, ViewLayer | Updating Lookup Tables
Fra:1 Mem:17.72M (Peak 18.88M) | Time:00:00.00 | Mem:1.36M, Peak:1.36M | Scene, ViewLayer | Updating Baking
Fra:1 Mem:17.72M (Peak 18.88M) | Time:00:00.00 | Mem:1.36M, Peak:1.36M | Scene, ViewLayer | Updating Device | Writing constant memory
Fra:1 Mem:17.72M (Peak 18.88M) | Time:00:00.00 | Mem:1.36M, Peak:1.36M | Scene, ViewLayer | Loading denoising kernels (may take a few minutes the first time)
Fra:1 Mem:17.72M (Peak 18.88M) | Time:00:00.00 | Mem:1.36M, Peak:1.36M | Scene, ViewLayer | Sample 0/32
Fra:1 Mem:64.85M (Peak 64.85M) | Time:00:00.09 | Remaining:00:02.77 | Mem:48.33M, Peak:48.33M | Scene, ViewLayer | Sample 1/32
Fra:1 Mem:84.63M (Peak 114.29M) | Time:00:04.06 | Mem:48.33M, Peak:48.33M | Scene, ViewLayer | Sample 32/32
Fra:1 Mem:84.63M (Peak 114.29M) | Time:00:04.06 | Mem:48.33M, Peak:48.33M | Scene, ViewLayer | Finished
Saved: '/Users/quyen.tran5/lairgame/assets/previews/coyote.png'
Time: 00:04.10 (Saving: 00:00.04)


Info: Saved as "char_coyote.blend"
01:40:50 | INFO: Starting glTF 2.0 export
01:40:50 | INFO: Extracting primitive: char_lynx_body_mesh
01:40:50 | INFO: Primitives created: 4
01:40:50 | INFO: Extracting primitive: finger_index_l_cap_mesh
01:40:50 | INFO: Primitives created: 1
01:40:50 | INFO: Extracting primitive: finger_index_l_prosthetic_mesh
01:40:50 | INFO: Primitives created: 2
01:40:50 | INFO: Extracting primitive: finger_index_l_real_mesh
01:40:50 | INFO: Primitives created: 1
01:40:50 | INFO: Extracting primitive: finger_index_r_cap_mesh
01:40:50 | INFO: Primitives created: 1
01:40:50 | INFO: Extracting primitive: finger_index_r_prosthetic_mesh
01:40:50 | INFO: Primitives created: 2
01:40:50 | INFO: Extracting primitive: finger_index_r_real_mesh
01:40:50 | INFO: Primitives created: 1
01:40:50 | INFO: Extracting primitive: finger_middle_l_cap_mesh
01:40:50 | INFO: Primitives created: 1
01:40:50 | INFO: Extracting primitive: finger_middle_l_prosthetic_mesh
01:40:50 | INFO: Primitives created: 2
01:40:50 | INFO: Extracting primitive: finger_middle_l_real_mesh
01:40:50 | INFO: Primitives created: 1
01:40:50 | INFO: Extracting primitive: finger_middle_r_cap_mesh
01:40:50 | INFO: Primitives created: 1
01:40:50 | INFO: Extracting primitive: finger_middle_r_prosthetic_mesh
01:40:50 | INFO: Primitives created: 2
01:40:50 | INFO: Extracting primitive: finger_middle_r_real_mesh
01:40:50 | INFO: Primitives created: 1
01:40:50 | INFO: Extracting primitive: finger_pinky_l_cap_mesh
01:40:50 | INFO: Primitives created: 1
01:40:50 | INFO: Extracting primitive: finger_pinky_l_prosthetic_mesh
01:40:50 | INFO: Primitives created: 2
01:40:50 | INFO: Extracting primitive: finger_pinky_l_real_mesh
01:40:50 | INFO: Primitives created: 1
01:40:50 | INFO: Extracting primitive: finger_pinky_r_cap_mesh
01:40:50 | INFO: Primitives created: 1
01:40:50 | INFO: Extracting primitive: finger_pinky_r_prosthetic_mesh
01:40:50 | INFO: Primitives created: 2
01:40:50 | INFO: Extracting primitive: finger_pinky_r_real_mesh
01:40:50 | INFO: Primitives created: 1
01:40:50 | INFO: Extracting primitive: finger_ring_l_cap_mesh
01:40:50 | INFO: Primitives created: 1
01:40:50 | INFO: Extracting primitive: finger_ring_l_prosthetic_mesh
01:40:50 | INFO: Primitives created: 2
01:40:50 | INFO: Extracting primitive: finger_ring_l_real_mesh
01:40:50 | INFO: Primitives created: 1
01:40:50 | INFO: Extracting primitive: finger_ring_r_cap_mesh
01:40:50 | INFO: Primitives created: 1
01:40:50 | INFO: Extracting primitive: finger_ring_r_prosthetic_mesh
01:40:50 | INFO: Primitives created: 2
01:40:50 | INFO: Extracting primitive: finger_ring_r_real_mesh
01:40:50 | INFO: Primitives created: 1
01:40:50 | INFO: Extracting primitive: finger_thumb_l_cap_mesh
01:40:50 | INFO: Primitives created: 1
01:40:50 | INFO: Extracting primitive: finger_thumb_l_prosthetic_mesh
01:40:50 | INFO: Primitives created: 2
01:40:50 | INFO: Extracting primitive: finger_thumb_l_real_mesh
01:40:50 | INFO: Primitives created: 1
01:40:50 | INFO: Extracting primitive: finger_thumb_r_cap_mesh
01:40:50 | INFO: Primitives created: 1
01:40:50 | INFO: Extracting primitive: finger_thumb_r_prosthetic_mesh
01:40:50 | INFO: Primitives created: 2
01:40:50 | INFO: Extracting primitive: finger_thumb_r_real_mesh
01:40:50 | INFO: Primitives created: 1
01:40:52 | INFO: Finished glTF 2.0 export in 2.8905930519104004 s
Fra:1 Mem:17.84M (Peak 17.84M) | Time:00:00.00 | Mem:0.00M, Peak:0.00M | Scene, ViewLayer | Synchronizing object | char_lynx_body
Fra:1 Mem:17.84M (Peak 17.84M) | Time:00:00.00 | Mem:0.00M, Peak:0.00M | Scene, ViewLayer | Synchronizing object | finger_index_l_real
Fra:1 Mem:17.95M (Peak 17.95M) | Time:00:00.00 | Mem:0.00M, Peak:0.00M | Scene, ViewLayer | Synchronizing object | finger_pinky_l_real
Fra:1 Mem:18.20M (Peak 18.20M) | Time:00:00.00 | Mem:0.00M, Peak:0.00M | Scene, ViewLayer | Synchronizing object | finger_index_r_real
Fra:1 Mem:18.42M (Peak 18.42M) | Time:00:00.00 | Mem:0.00M, Peak:0.00M | Scene, ViewLayer | Synchronizing object | finger_ring_r_real
Fra:1 Mem:18.43M (Peak 18.44M) | Time:00:00.00 | Mem:0.00M, Peak:0.00M | Scene, ViewLayer | Synchronizing object | finger_pinky_r_real
Fra:1 Mem:18.46M (Peak 18.46M) | Time:00:00.00 | Mem:0.00M, Peak:0.00M | Scene, ViewLayer | Synchronizing object | preview_floor
Fra:1 Mem:18.47M (Peak 18.47M) | Time:00:00.00 | Mem:0.00M, Peak:0.00M | Scene, ViewLayer | Synchronizing object | preview_key
Fra:1 Mem:18.58M (Peak 18.58M) | Time:00:00.00 | Mem:0.00M, Peak:0.00M | Scene, ViewLayer | Synchronizing object | preview_fill
Fra:1 Mem:18.62M (Peak 18.62M) | Time:00:00.00 | Mem:0.00M, Peak:0.00M | Scene, ViewLayer | Initializing
Fra:1 Mem:16.97M (Peak 18.62M) | Time:00:00.00 | Mem:0.00M, Peak:0.00M | Scene, ViewLayer | Waiting for render to start
Fra:1 Mem:16.97M (Peak 18.62M) | Time:00:00.00 | Mem:0.00M, Peak:0.00M | Scene, ViewLayer | Updating Scene
Fra:1 Mem:16.97M (Peak 18.62M) | Time:00:00.00 | Mem:0.00M, Peak:0.00M | Scene, ViewLayer | Updating Shaders
Fra:1 Mem:17.05M (Peak 18.62M) | Time:00:00.00 | Mem:0.00M, Peak:0.00M | Scene, ViewLayer | Loading render kernels (may take a few minutes the first time)
Fra:1 Mem:17.05M (Peak 18.62M) | Time:00:00.00 | Mem:0.00M, Peak:0.00M | Scene, ViewLayer | Updating Procedurals
Fra:1 Mem:17.05M (Peak 18.62M) | Time:00:00.00 | Mem:0.00M, Peak:0.00M | Scene, ViewLayer | Updating Background
Fra:1 Mem:17.05M (Peak 18.62M) | Time:00:00.00 | Mem:0.00M, Peak:0.00M | Scene, ViewLayer | Updating Camera
Fra:1 Mem:17.05M (Peak 18.62M) | Time:00:00.00 | Mem:0.00M, Peak:0.00M | Scene, ViewLayer | Updating Meshes Flags
Fra:1 Mem:17.05M (Peak 18.62M) | Time:00:00.00 | Mem:0.00M, Peak:0.00M | Scene, ViewLayer | Updating Objects
Fra:1 Mem:17.05M (Peak 18.62M) | Time:00:00.00 | Mem:0.00M, Peak:0.00M | Scene, ViewLayer | Updating Objects | Copying Transformations to device
Fra:1 Mem:17.05M (Peak 18.62M) | Time:00:00.00 | Mem:0.01M, Peak:0.01M | Scene, ViewLayer | Updating Particle Systems
Fra:1 Mem:17.05M (Peak 18.62M) | Time:00:00.00 | Mem:0.01M, Peak:0.01M | Scene, ViewLayer | Updating Particle Systems | Copying Particles to device
Fra:1 Mem:17.05M (Peak 18.62M) | Time:00:00.00 | Mem:0.01M, Peak:0.01M | Scene, ViewLayer | Updating Meshes
Fra:1 Mem:17.05M (Peak 18.62M) | Time:00:00.00 | Mem:0.01M, Peak:0.01M | Scene, ViewLayer | Updating Objects | Applying Static Transformations
Fra:1 Mem:17.05M (Peak 18.62M) | Time:00:00.00 | Mem:0.01M, Peak:0.01M | Scene, ViewLayer | Updating Mesh | Computing attributes
Fra:1 Mem:17.14M (Peak 18.62M) | Time:00:00.00 | Mem:0.01M, Peak:0.01M | Scene, ViewLayer | Updating Mesh | Copying Attributes to device
Fra:1 Mem:17.13M (Peak 18.62M) | Time:00:00.00 | Mem:0.09M, Peak:0.09M | Scene, ViewLayer | Updating Scene BVH | Building
Fra:1 Mem:17.13M (Peak 18.62M) | Time:00:00.00 | Mem:0.09M, Peak:0.09M | Scene, ViewLayer | Updating Scene BVH | Building BVH
Fra:1 Mem:17.13M (Peak 18.62M) | Time:00:00.00 | Mem:0.43M, Peak:0.43M | Scene, ViewLayer | Updating Scene BVH | Building BVH 0%
Fra:1 Mem:17.13M (Peak 18.62M) | Time:00:00.00 | Mem:0.81M, Peak:1.16M | Scene, ViewLayer | Updating Scene BVH | Copying BVH to device
Fra:1 Mem:17.13M (Peak 18.62M) | Time:00:00.00 | Mem:0.81M, Peak:1.16M | Scene, ViewLayer | Updating Mesh | Computing normals
Fra:1 Mem:17.46M (Peak 18.62M) | Time:00:00.00 | Mem:0.81M, Peak:1.16M | Scene, ViewLayer | Updating Mesh | Copying Mesh to device
Fra:1 Mem:17.46M (Peak 18.62M) | Time:00:00.00 | Mem:1.14M, Peak:1.16M | Scene, ViewLayer | Updating Objects Flags
Fra:1 Mem:17.46M (Peak 18.62M) | Time:00:00.00 | Mem:1.14M, Peak:1.16M | Scene, ViewLayer | Updating Primitive Offsets
Fra:1 Mem:17.46M (Peak 18.62M) | Time:00:00.00 | Mem:1.14M, Peak:1.16M | Scene, ViewLayer | Updating Images
Fra:1 Mem:17.46M (Peak 18.62M) | Time:00:00.00 | Mem:1.14M, Peak:1.16M | Scene, ViewLayer | Updating Camera Volume
Fra:1 Mem:17.46M (Peak 18.62M) | Time:00:00.00 | Mem:1.14M, Peak:1.16M | Scene, ViewLayer | Updating Lookup Tables
Fra:1 Mem:17.46M (Peak 18.62M) | Time:00:00.00 | Mem:1.22M, Peak:1.22M | Scene, ViewLayer | Updating Lights
Fra:1 Mem:17.46M (Peak 18.62M) | Time:00:00.00 | Mem:1.22M, Peak:1.22M | Scene, ViewLayer | Updating Lights | Computing tree
Fra:1 Mem:17.46M (Peak 18.62M) | Time:00:00.00 | Mem:1.22M, Peak:1.22M | Scene, ViewLayer | Updating Integrator
Fra:1 Mem:17.46M (Peak 18.62M) | Time:00:00.00 | Mem:1.22M, Peak:1.22M | Scene, ViewLayer | Updating Film
Fra:1 Mem:17.47M (Peak 18.62M) | Time:00:00.00 | Mem:1.14M, Peak:1.22M | Scene, ViewLayer | Updating Lookup Tables
Fra:1 Mem:17.47M (Peak 18.62M) | Time:00:00.00 | Mem:1.23M, Peak:1.23M | Scene, ViewLayer | Updating Baking
Fra:1 Mem:17.47M (Peak 18.62M) | Time:00:00.00 | Mem:1.23M, Peak:1.23M | Scene, ViewLayer | Updating Device | Writing constant memory
Fra:1 Mem:17.47M (Peak 18.62M) | Time:00:00.00 | Mem:1.23M, Peak:1.23M | Scene, ViewLayer | Loading denoising kernels (may take a few minutes the first time)
Fra:1 Mem:17.47M (Peak 18.62M) | Time:00:00.00 | Mem:1.23M, Peak:1.23M | Scene, ViewLayer | Sample 0/32
Fra:1 Mem:64.60M (Peak 64.60M) | Time:00:00.08 | Remaining:00:02.57 | Mem:48.19M, Peak:48.19M | Scene, ViewLayer | Sample 1/32
Fra:1 Mem:84.38M (Peak 114.04M) | Time:00:03.75 | Mem:48.19M, Peak:48.19M | Scene, ViewLayer | Sample 32/32
Fra:1 Mem:84.38M (Peak 114.04M) | Time:00:03.75 | Mem:48.19M, Peak:48.19M | Scene, ViewLayer | Finished
Saved: '/Users/quyen.tran5/lairgame/assets/previews/lynx.png'
Time: 00:03.78 (Saving: 00:00.03)


Info: Saved as "char_lynx.blend"
01:40:56 | INFO: Starting glTF 2.0 export
01:40:56 | INFO: Extracting primitive: char_badger_body_mesh
01:40:56 | INFO: Primitives created: 4
01:40:56 | INFO: Extracting primitive: finger_index_l_cap_mesh
01:40:56 | INFO: Primitives created: 1
01:40:56 | INFO: Extracting primitive: finger_index_l_prosthetic_mesh
01:40:56 | INFO: Primitives created: 2
01:40:56 | INFO: Extracting primitive: finger_index_l_real_mesh
01:40:56 | INFO: Primitives created: 1
01:40:56 | INFO: Extracting primitive: finger_index_r_cap_mesh
01:40:56 | INFO: Primitives created: 1
01:40:56 | INFO: Extracting primitive: finger_index_r_prosthetic_mesh
01:40:56 | INFO: Primitives created: 2
01:40:56 | INFO: Extracting primitive: finger_index_r_real_mesh
01:40:56 | INFO: Primitives created: 1
01:40:56 | INFO: Extracting primitive: finger_middle_l_cap_mesh
01:40:56 | INFO: Primitives created: 1
01:40:56 | INFO: Extracting primitive: finger_middle_l_prosthetic_mesh
01:40:56 | INFO: Primitives created: 2
01:40:56 | INFO: Extracting primitive: finger_middle_l_real_mesh
01:40:56 | INFO: Primitives created: 1
01:40:56 | INFO: Extracting primitive: finger_middle_r_cap_mesh
01:40:56 | INFO: Primitives created: 1
01:40:56 | INFO: Extracting primitive: finger_middle_r_prosthetic_mesh
01:40:56 | INFO: Primitives created: 2
01:40:56 | INFO: Extracting primitive: finger_middle_r_real_mesh
01:40:56 | INFO: Primitives created: 1
01:40:56 | INFO: Extracting primitive: finger_pinky_l_cap_mesh
01:40:56 | INFO: Primitives created: 1
01:40:56 | INFO: Extracting primitive: finger_pinky_l_prosthetic_mesh
01:40:56 | INFO: Primitives created: 2
01:40:56 | INFO: Extracting primitive: finger_pinky_l_real_mesh
01:40:56 | INFO: Primitives created: 1
01:40:56 | INFO: Extracting primitive: finger_pinky_r_cap_mesh
01:40:56 | INFO: Primitives created: 1
01:40:56 | INFO: Extracting primitive: finger_pinky_r_prosthetic_mesh
01:40:56 | INFO: Primitives created: 2
01:40:56 | INFO: Extracting primitive: finger_pinky_r_real_mesh
01:40:56 | INFO: Primitives created: 1
01:40:56 | INFO: Extracting primitive: finger_ring_l_cap_mesh
01:40:56 | INFO: Primitives created: 1
01:40:56 | INFO: Extracting primitive: finger_ring_l_prosthetic_mesh
01:40:56 | INFO: Primitives created: 2
01:40:56 | INFO: Extracting primitive: finger_ring_l_real_mesh
01:40:56 | INFO: Primitives created: 1
01:40:56 | INFO: Extracting primitive: finger_ring_r_cap_mesh
01:40:56 | INFO: Primitives created: 1
01:40:56 | INFO: Extracting primitive: finger_ring_r_prosthetic_mesh
01:40:56 | INFO: Primitives created: 2
01:40:56 | INFO: Extracting primitive: finger_ring_r_real_mesh
01:40:56 | INFO: Primitives created: 1
01:40:56 | INFO: Extracting primitive: finger_thumb_l_cap_mesh
01:40:56 | INFO: Primitives created: 1
01:40:56 | INFO: Extracting primitive: finger_thumb_l_prosthetic_mesh
01:40:56 | INFO: Primitives created: 2
01:40:56 | INFO: Extracting primitive: finger_thumb_l_real_mesh
01:40:56 | INFO: Primitives created: 1
01:40:56 | INFO: Extracting primitive: finger_thumb_r_cap_mesh
01:40:56 | INFO: Primitives created: 1
01:40:56 | INFO: Extracting primitive: finger_thumb_r_prosthetic_mesh
01:40:56 | INFO: Primitives created: 2
01:40:56 | INFO: Extracting primitive: finger_thumb_r_real_mesh
01:40:56 | INFO: Primitives created: 1
01:40:59 | INFO: Finished glTF 2.0 export in 2.741943836212158 s
Fra:1 Mem:18.13M (Peak 18.13M) | Time:00:00.00 | Mem:0.00M, Peak:0.00M | Scene, ViewLayer | Synchronizing object | char_badger_body
Fra:1 Mem:18.13M (Peak 18.13M) | Time:00:00.00 | Mem:0.00M, Peak:0.00M | Scene, ViewLayer | Synchronizing object | finger_thumb_l_real
Fra:1 Mem:18.29M (Peak 18.29M) | Time:00:00.00 | Mem:0.00M, Peak:0.00M | Scene, ViewLayer | Synchronizing object | finger_index_l_real
Fra:1 Mem:18.85M (Peak 18.85M) | Time:00:00.00 | Mem:0.00M, Peak:0.00M | Scene, ViewLayer | Synchronizing object | preview_rim
Fra:1 Mem:18.84M (Peak 18.85M) | Time:00:00.00 | Mem:0.00M, Peak:0.00M | Scene, ViewLayer | Synchronizing object | finger_index_r_real
Fra:1 Mem:18.85M (Peak 18.85M) | Time:00:00.00 | Mem:0.00M, Peak:0.00M | Scene, ViewLayer | Synchronizing object | finger_ring_r_real
Fra:1 Mem:18.99M (Peak 18.99M) | Time:00:00.00 | Mem:0.00M, Peak:0.00M | Scene, ViewLayer | Synchronizing object | preview_floor
Fra:1 Mem:18.99M (Peak 18.99M) | Time:00:00.00 | Mem:0.00M, Peak:0.00M | Scene, ViewLayer | Synchronizing object | preview_key
Fra:1 Mem:19.06M (Peak 19.06M) | Time:00:00.00 | Mem:0.00M, Peak:0.00M | Scene, ViewLayer | Initializing
Fra:1 Mem:17.31M (Peak 19.06M) | Time:00:00.00 | Mem:0.00M, Peak:0.00M | Scene, ViewLayer | Waiting for render to start
Fra:1 Mem:17.31M (Peak 19.06M) | Time:00:00.00 | Mem:0.00M, Peak:0.00M | Scene, ViewLayer | Updating Scene
Fra:1 Mem:17.31M (Peak 19.06M) | Time:00:00.00 | Mem:0.00M, Peak:0.00M | Scene, ViewLayer | Updating Shaders
Fra:1 Mem:17.40M (Peak 19.06M) | Time:00:00.00 | Mem:0.00M, Peak:0.00M | Scene, ViewLayer | Loading render kernels (may take a few minutes the first time)
Fra:1 Mem:17.40M (Peak 19.06M) | Time:00:00.00 | Mem:0.00M, Peak:0.00M | Scene, ViewLayer | Updating Procedurals
Fra:1 Mem:17.40M (Peak 19.06M) | Time:00:00.00 | Mem:0.00M, Peak:0.00M | Scene, ViewLayer | Updating Background
Fra:1 Mem:17.40M (Peak 19.06M) | Time:00:00.00 | Mem:0.00M, Peak:0.00M | Scene, ViewLayer | Updating Camera
Fra:1 Mem:17.40M (Peak 19.06M) | Time:00:00.00 | Mem:0.00M, Peak:0.00M | Scene, ViewLayer | Updating Meshes Flags
Fra:1 Mem:17.40M (Peak 19.06M) | Time:00:00.00 | Mem:0.00M, Peak:0.00M | Scene, ViewLayer | Updating Objects
Fra:1 Mem:17.40M (Peak 19.06M) | Time:00:00.00 | Mem:0.00M, Peak:0.00M | Scene, ViewLayer | Updating Objects | Copying Transformations to device
Fra:1 Mem:17.40M (Peak 19.06M) | Time:00:00.00 | Mem:0.01M, Peak:0.01M | Scene, ViewLayer | Updating Particle Systems
Fra:1 Mem:17.40M (Peak 19.06M) | Time:00:00.00 | Mem:0.01M, Peak:0.01M | Scene, ViewLayer | Updating Particle Systems | Copying Particles to device
Fra:1 Mem:17.40M (Peak 19.06M) | Time:00:00.00 | Mem:0.01M, Peak:0.01M | Scene, ViewLayer | Updating Meshes
Fra:1 Mem:17.40M (Peak 19.06M) | Time:00:00.00 | Mem:0.01M, Peak:0.01M | Scene, ViewLayer | Updating Objects | Applying Static Transformations
Fra:1 Mem:17.40M (Peak 19.06M) | Time:00:00.00 | Mem:0.01M, Peak:0.01M | Scene, ViewLayer | Updating Mesh | Computing attributes
Fra:1 Mem:17.50M (Peak 19.06M) | Time:00:00.00 | Mem:0.01M, Peak:0.01M | Scene, ViewLayer | Updating Mesh | Copying Attributes to device
Fra:1 Mem:17.49M (Peak 19.06M) | Time:00:00.00 | Mem:0.10M, Peak:0.10M | Scene, ViewLayer | Updating Scene BVH | Building
Fra:1 Mem:17.49M (Peak 19.06M) | Time:00:00.00 | Mem:0.10M, Peak:0.10M | Scene, ViewLayer | Updating Scene BVH | Building BVH
Fra:1 Mem:17.49M (Peak 19.06M) | Time:00:00.00 | Mem:0.51M, Peak:0.51M | Scene, ViewLayer | Updating Scene BVH | Building BVH 0%
Fra:1 Mem:17.49M (Peak 19.06M) | Time:00:00.00 | Mem:0.96M, Peak:1.38M | Scene, ViewLayer | Updating Scene BVH | Copying BVH to device
Fra:1 Mem:17.49M (Peak 19.06M) | Time:00:00.00 | Mem:0.96M, Peak:1.38M | Scene, ViewLayer | Updating Mesh | Computing normals
Fra:1 Mem:17.89M (Peak 19.06M) | Time:00:00.00 | Mem:0.96M, Peak:1.38M | Scene, ViewLayer | Updating Mesh | Copying Mesh to device
Fra:1 Mem:17.89M (Peak 19.06M) | Time:00:00.00 | Mem:1.36M, Peak:1.38M | Scene, ViewLayer | Updating Objects Flags
Fra:1 Mem:17.89M (Peak 19.06M) | Time:00:00.00 | Mem:1.36M, Peak:1.38M | Scene, ViewLayer | Updating Primitive Offsets
Fra:1 Mem:17.89M (Peak 19.06M) | Time:00:00.00 | Mem:1.36M, Peak:1.38M | Scene, ViewLayer | Updating Images
Fra:1 Mem:17.89M (Peak 19.06M) | Time:00:00.00 | Mem:1.36M, Peak:1.38M | Scene, ViewLayer | Updating Camera Volume
Fra:1 Mem:17.89M (Peak 19.06M) | Time:00:00.00 | Mem:1.36M, Peak:1.38M | Scene, ViewLayer | Updating Lookup Tables
Fra:1 Mem:17.89M (Peak 19.06M) | Time:00:00.00 | Mem:1.44M, Peak:1.44M | Scene, ViewLayer | Updating Lights
Fra:1 Mem:17.89M (Peak 19.06M) | Time:00:00.00 | Mem:1.44M, Peak:1.44M | Scene, ViewLayer | Updating Lights | Computing tree
Fra:1 Mem:17.89M (Peak 19.06M) | Time:00:00.00 | Mem:1.44M, Peak:1.44M | Scene, ViewLayer | Updating Integrator
Fra:1 Mem:17.89M (Peak 19.06M) | Time:00:00.00 | Mem:1.44M, Peak:1.44M | Scene, ViewLayer | Updating Film
Fra:1 Mem:17.89M (Peak 19.06M) | Time:00:00.00 | Mem:1.36M, Peak:1.44M | Scene, ViewLayer | Updating Lookup Tables
Fra:1 Mem:17.89M (Peak 19.06M) | Time:00:00.00 | Mem:1.44M, Peak:1.44M | Scene, ViewLayer | Updating Baking
Fra:1 Mem:17.89M (Peak 19.06M) | Time:00:00.00 | Mem:1.44M, Peak:1.44M | Scene, ViewLayer | Updating Device | Writing constant memory
Fra:1 Mem:17.89M (Peak 19.06M) | Time:00:00.00 | Mem:1.44M, Peak:1.44M | Scene, ViewLayer | Loading denoising kernels (may take a few minutes the first time)
Fra:1 Mem:17.89M (Peak 19.06M) | Time:00:00.00 | Mem:1.44M, Peak:1.44M | Scene, ViewLayer | Sample 0/32
Fra:1 Mem:65.02M (Peak 65.02M) | Time:00:00.09 | Remaining:00:02.74 | Mem:48.41M, Peak:48.41M | Scene, ViewLayer | Sample 1/32
Fra:1 Mem:84.80M (Peak 114.46M) | Time:00:03.90 | Mem:48.41M, Peak:48.41M | Scene, ViewLayer | Sample 32/32
Fra:1 Mem:84.80M (Peak 114.46M) | Time:00:03.90 | Mem:48.41M, Peak:48.41M | Scene, ViewLayer | Finished
Saved: '/Users/quyen.tran5/lairgame/assets/previews/badger.png'
Time: 00:03.94 (Saving: 00:00.03)


Info: Saved as "char_badger.blend"
01:41:03 | INFO: Starting glTF 2.0 export
01:41:03 | INFO: Extracting primitive: char_rabbit_body_mesh
01:41:03 | INFO: Primitives created: 4
01:41:03 | INFO: Extracting primitive: finger_index_l_cap_mesh
01:41:03 | INFO: Primitives created: 1
01:41:03 | INFO: Extracting primitive: finger_index_l_prosthetic_mesh
01:41:03 | INFO: Primitives created: 2
01:41:03 | INFO: Extracting primitive: finger_index_l_real_mesh
01:41:03 | INFO: Primitives created: 1
01:41:03 | INFO: Extracting primitive: finger_index_r_cap_mesh
01:41:03 | INFO: Primitives created: 1
01:41:03 | INFO: Extracting primitive: finger_index_r_prosthetic_mesh
01:41:03 | INFO: Primitives created: 2
01:41:03 | INFO: Extracting primitive: finger_index_r_real_mesh
01:41:03 | INFO: Primitives created: 1
01:41:03 | INFO: Extracting primitive: finger_middle_l_cap_mesh
01:41:03 | INFO: Primitives created: 1
01:41:03 | INFO: Extracting primitive: finger_middle_l_prosthetic_mesh
01:41:03 | INFO: Primitives created: 2
01:41:03 | INFO: Extracting primitive: finger_middle_l_real_mesh
01:41:03 | INFO: Primitives created: 1
01:41:03 | INFO: Extracting primitive: finger_middle_r_cap_mesh
01:41:03 | INFO: Primitives created: 1
01:41:03 | INFO: Extracting primitive: finger_middle_r_prosthetic_mesh
01:41:03 | INFO: Primitives created: 2
01:41:03 | INFO: Extracting primitive: finger_middle_r_real_mesh
01:41:03 | INFO: Primitives created: 1
01:41:03 | INFO: Extracting primitive: finger_pinky_l_cap_mesh
01:41:03 | INFO: Primitives created: 1
01:41:03 | INFO: Extracting primitive: finger_pinky_l_prosthetic_mesh
01:41:03 | INFO: Primitives created: 2
01:41:03 | INFO: Extracting primitive: finger_pinky_l_real_mesh
01:41:03 | INFO: Primitives created: 1
01:41:03 | INFO: Extracting primitive: finger_pinky_r_cap_mesh
01:41:03 | INFO: Primitives created: 1
01:41:03 | INFO: Extracting primitive: finger_pinky_r_prosthetic_mesh
01:41:03 | INFO: Primitives created: 2
01:41:03 | INFO: Extracting primitive: finger_pinky_r_real_mesh
01:41:03 | INFO: Primitives created: 1
01:41:03 | INFO: Extracting primitive: finger_ring_l_cap_mesh
01:41:03 | INFO: Primitives created: 1
01:41:03 | INFO: Extracting primitive: finger_ring_l_prosthetic_mesh
01:41:03 | INFO: Primitives created: 2
01:41:03 | INFO: Extracting primitive: finger_ring_l_real_mesh
01:41:03 | INFO: Primitives created: 1
01:41:03 | INFO: Extracting primitive: finger_ring_r_cap_mesh
01:41:03 | INFO: Primitives created: 1
01:41:03 | INFO: Extracting primitive: finger_ring_r_prosthetic_mesh
01:41:03 | INFO: Primitives created: 2
01:41:03 | INFO: Extracting primitive: finger_ring_r_real_mesh
01:41:03 | INFO: Primitives created: 1
01:41:03 | INFO: Extracting primitive: finger_thumb_l_cap_mesh
01:41:03 | INFO: Primitives created: 1
01:41:03 | INFO: Extracting primitive: finger_thumb_l_prosthetic_mesh
01:41:03 | INFO: Primitives created: 2
01:41:03 | INFO: Extracting primitive: finger_thumb_l_real_mesh
01:41:03 | INFO: Primitives created: 1
01:41:03 | INFO: Extracting primitive: finger_thumb_r_cap_mesh
01:41:03 | INFO: Primitives created: 1
01:41:03 | INFO: Extracting primitive: finger_thumb_r_prosthetic_mesh
01:41:03 | INFO: Primitives created: 2
01:41:03 | INFO: Extracting primitive: finger_thumb_r_real_mesh
01:41:03 | INFO: Primitives created: 1
01:41:06 | INFO: Finished glTF 2.0 export in 2.6892881393432617 s
Fra:1 Mem:17.85M (Peak 17.85M) | Time:00:00.00 | Mem:0.00M, Peak:0.00M | Scene, ViewLayer | Synchronizing object | char_rabbit_body
Fra:1 Mem:17.85M (Peak 17.85M) | Time:00:00.00 | Mem:0.00M, Peak:0.00M | Scene, ViewLayer | Synchronizing object | preview_rim
Fra:1 Mem:18.49M (Peak 18.49M) | Time:00:00.00 | Mem:0.00M, Peak:0.00M | Scene, ViewLayer | Synchronizing object | finger_ring_r_real
Fra:1 Mem:18.51M (Peak 18.51M) | Time:00:00.00 | Mem:0.00M, Peak:0.00M | Scene, ViewLayer | Synchronizing object | finger_pinky_r_real
Fra:1 Mem:18.53M (Peak 18.53M) | Time:00:00.00 | Mem:0.00M, Peak:0.00M | Scene, ViewLayer | Synchronizing object | preview_key
Fra:1 Mem:18.63M (Peak 18.63M) | Time:00:00.00 | Mem:0.00M, Peak:0.00M | Scene, ViewLayer | Initializing
Fra:1 Mem:16.98M (Peak 18.63M) | Time:00:00.00 | Mem:0.00M, Peak:0.00M | Scene, ViewLayer | Waiting for render to start
Fra:1 Mem:16.98M (Peak 18.63M) | Time:00:00.00 | Mem:0.00M, Peak:0.00M | Scene, ViewLayer | Updating Scene
Fra:1 Mem:16.98M (Peak 18.63M) | Time:00:00.00 | Mem:0.00M, Peak:0.00M | Scene, ViewLayer | Updating Shaders
Fra:1 Mem:17.07M (Peak 18.63M) | Time:00:00.00 | Mem:0.00M, Peak:0.00M | Scene, ViewLayer | Loading render kernels (may take a few minutes the first time)
Fra:1 Mem:17.07M (Peak 18.63M) | Time:00:00.00 | Mem:0.00M, Peak:0.00M | Scene, ViewLayer | Updating Procedurals
Fra:1 Mem:17.07M (Peak 18.63M) | Time:00:00.00 | Mem:0.00M, Peak:0.00M | Scene, ViewLayer | Updating Background
Fra:1 Mem:17.07M (Peak 18.63M) | Time:00:00.00 | Mem:0.00M, Peak:0.00M | Scene, ViewLayer | Updating Camera
Fra:1 Mem:17.07M (Peak 18.63M) | Time:00:00.00 | Mem:0.00M, Peak:0.00M | Scene, ViewLayer | Updating Meshes Flags
Fra:1 Mem:17.07M (Peak 18.63M) | Time:00:00.00 | Mem:0.00M, Peak:0.00M | Scene, ViewLayer | Updating Objects
Fra:1 Mem:17.07M (Peak 18.63M) | Time:00:00.00 | Mem:0.00M, Peak:0.00M | Scene, ViewLayer | Updating Objects | Copying Transformations to device
Fra:1 Mem:17.07M (Peak 18.63M) | Time:00:00.00 | Mem:0.01M, Peak:0.01M | Scene, ViewLayer | Updating Particle Systems
Fra:1 Mem:17.07M (Peak 18.63M) | Time:00:00.00 | Mem:0.01M, Peak:0.01M | Scene, ViewLayer | Updating Particle Systems | Copying Particles to device
Fra:1 Mem:17.07M (Peak 18.63M) | Time:00:00.00 | Mem:0.01M, Peak:0.01M | Scene, ViewLayer | Updating Meshes
Fra:1 Mem:17.07M (Peak 18.63M) | Time:00:00.00 | Mem:0.01M, Peak:0.01M | Scene, ViewLayer | Updating Objects | Applying Static Transformations
Fra:1 Mem:17.07M (Peak 18.63M) | Time:00:00.00 | Mem:0.01M, Peak:0.01M | Scene, ViewLayer | Updating Mesh | Computing attributes
Fra:1 Mem:17.15M (Peak 18.63M) | Time:00:00.00 | Mem:0.01M, Peak:0.01M | Scene, ViewLayer | Updating Mesh | Copying Attributes to device
Fra:1 Mem:17.15M (Peak 18.63M) | Time:00:00.00 | Mem:0.09M, Peak:0.09M | Scene, ViewLayer | Updating Scene BVH | Building
Fra:1 Mem:17.15M (Peak 18.63M) | Time:00:00.00 | Mem:0.09M, Peak:0.09M | Scene, ViewLayer | Updating Scene BVH | Building BVH
Fra:1 Mem:17.15M (Peak 18.63M) | Time:00:00.00 | Mem:0.44M, Peak:0.44M | Scene, ViewLayer | Updating Scene BVH | Building BVH 0%
Fra:1 Mem:17.15M (Peak 18.63M) | Time:00:00.00 | Mem:0.82M, Peak:1.17M | Scene, ViewLayer | Updating Scene BVH | Copying BVH to device
Fra:1 Mem:17.15M (Peak 18.63M) | Time:00:00.00 | Mem:0.82M, Peak:1.17M | Scene, ViewLayer | Updating Mesh | Computing normals
Fra:1 Mem:17.48M (Peak 18.63M) | Time:00:00.00 | Mem:0.82M, Peak:1.17M | Scene, ViewLayer | Updating Mesh | Copying Mesh to device
Fra:1 Mem:17.48M (Peak 18.63M) | Time:00:00.00 | Mem:1.15M, Peak:1.17M | Scene, ViewLayer | Updating Objects Flags
Fra:1 Mem:17.48M (Peak 18.63M) | Time:00:00.00 | Mem:1.15M, Peak:1.17M | Scene, ViewLayer | Updating Primitive Offsets
Fra:1 Mem:17.48M (Peak 18.63M) | Time:00:00.00 | Mem:1.15M, Peak:1.17M | Scene, ViewLayer | Updating Images
Fra:1 Mem:17.48M (Peak 18.63M) | Time:00:00.00 | Mem:1.15M, Peak:1.17M | Scene, ViewLayer | Updating Camera Volume
Fra:1 Mem:17.48M (Peak 18.63M) | Time:00:00.00 | Mem:1.15M, Peak:1.17M | Scene, ViewLayer | Updating Lookup Tables
Fra:1 Mem:17.48M (Peak 18.63M) | Time:00:00.00 | Mem:1.23M, Peak:1.23M | Scene, ViewLayer | Updating Lights
Fra:1 Mem:17.48M (Peak 18.63M) | Time:00:00.00 | Mem:1.23M, Peak:1.23M | Scene, ViewLayer | Updating Lights | Computing tree
Fra:1 Mem:17.48M (Peak 18.63M) | Time:00:00.00 | Mem:1.24M, Peak:1.24M | Scene, ViewLayer | Updating Integrator
Fra:1 Mem:17.48M (Peak 18.63M) | Time:00:00.00 | Mem:1.24M, Peak:1.24M | Scene, ViewLayer | Updating Film
Fra:1 Mem:17.48M (Peak 18.63M) | Time:00:00.00 | Mem:1.15M, Peak:1.24M | Scene, ViewLayer | Updating Lookup Tables
Fra:1 Mem:17.48M (Peak 18.63M) | Time:00:00.00 | Mem:1.24M, Peak:1.24M | Scene, ViewLayer | Updating Baking
Fra:1 Mem:17.48M (Peak 18.63M) | Time:00:00.00 | Mem:1.24M, Peak:1.24M | Scene, ViewLayer | Updating Device | Writing constant memory
Fra:1 Mem:17.49M (Peak 18.63M) | Time:00:00.00 | Mem:1.24M, Peak:1.24M | Scene, ViewLayer | Loading denoising kernels (may take a few minutes the first time)
Fra:1 Mem:17.49M (Peak 18.63M) | Time:00:00.00 | Mem:1.24M, Peak:1.24M | Scene, ViewLayer | Sample 0/32
Fra:1 Mem:64.61M (Peak 64.61M) | Time:00:00.08 | Remaining:00:02.55 | Mem:48.21M, Peak:48.21M | Scene, ViewLayer | Sample 1/32
Fra:1 Mem:84.39M (Peak 114.06M) | Time:00:03.71 | Mem:48.21M, Peak:48.21M | Scene, ViewLayer | Sample 32/32
Fra:1 Mem:84.39M (Peak 114.06M) | Time:00:03.71 | Mem:48.21M, Peak:48.21M | Scene, ViewLayer | Finished
Saved: '/Users/quyen.tran5/lairgame/assets/previews/rabbit.png'
Time: 00:03.75 (Saving: 00:00.03)


Info: Saved as "char_rabbit.blend"
01:41:10 | INFO: Starting glTF 2.0 export
01:41:10 | INFO: Extracting primitive: char_dealer_body_mesh
01:41:10 | INFO: Primitives created: 4
01:41:10 | INFO: Extracting primitive: finger_index_l_cap_mesh
01:41:10 | INFO: Primitives created: 1
01:41:10 | INFO: Extracting primitive: finger_index_l_prosthetic_mesh
01:41:10 | INFO: Primitives created: 2
01:41:10 | INFO: Extracting primitive: finger_index_l_real_mesh
01:41:10 | INFO: Primitives created: 1
01:41:10 | INFO: Extracting primitive: finger_index_r_cap_mesh
01:41:10 | INFO: Primitives created: 1
01:41:10 | INFO: Extracting primitive: finger_index_r_prosthetic_mesh
01:41:10 | INFO: Primitives created: 2
01:41:10 | INFO: Extracting primitive: finger_index_r_real_mesh
01:41:10 | INFO: Primitives created: 1
01:41:10 | INFO: Extracting primitive: finger_middle_l_cap_mesh
01:41:10 | INFO: Primitives created: 1
01:41:10 | INFO: Extracting primitive: finger_middle_l_prosthetic_mesh
01:41:10 | INFO: Primitives created: 2
01:41:10 | INFO: Extracting primitive: finger_middle_l_real_mesh
01:41:10 | INFO: Primitives created: 1
01:41:10 | INFO: Extracting primitive: finger_middle_r_cap_mesh
01:41:10 | INFO: Primitives created: 1
01:41:10 | INFO: Extracting primitive: finger_middle_r_prosthetic_mesh
01:41:10 | INFO: Primitives created: 2
01:41:10 | INFO: Extracting primitive: finger_middle_r_real_mesh
01:41:10 | INFO: Primitives created: 1
01:41:10 | INFO: Extracting primitive: finger_pinky_l_cap_mesh
01:41:10 | INFO: Primitives created: 1
01:41:10 | INFO: Extracting primitive: finger_pinky_l_prosthetic_mesh
01:41:10 | INFO: Primitives created: 2
01:41:10 | INFO: Extracting primitive: finger_pinky_l_real_mesh
01:41:10 | INFO: Primitives created: 1
01:41:10 | INFO: Extracting primitive: finger_pinky_r_cap_mesh
01:41:10 | INFO: Primitives created: 1
01:41:10 | INFO: Extracting primitive: finger_pinky_r_prosthetic_mesh
01:41:10 | INFO: Primitives created: 2
01:41:10 | INFO: Extracting primitive: finger_pinky_r_real_mesh
01:41:10 | INFO: Primitives created: 1
01:41:10 | INFO: Extracting primitive: finger_ring_l_cap_mesh
01:41:10 | INFO: Primitives created: 1
01:41:10 | INFO: Extracting primitive: finger_ring_l_prosthetic_mesh
01:41:10 | INFO: Primitives created: 2
01:41:10 | INFO: Extracting primitive: finger_ring_l_real_mesh
01:41:10 | INFO: Primitives created: 1
01:41:10 | INFO: Extracting primitive: finger_ring_r_cap_mesh
01:41:10 | INFO: Primitives created: 1
01:41:10 | INFO: Extracting primitive: finger_ring_r_prosthetic_mesh
01:41:10 | INFO: Primitives created: 2
01:41:10 | INFO: Extracting primitive: finger_ring_r_real_mesh
01:41:10 | INFO: Primitives created: 1
01:41:10 | INFO: Extracting primitive: finger_thumb_l_cap_mesh
01:41:10 | INFO: Primitives created: 1
01:41:10 | INFO: Extracting primitive: finger_thumb_l_prosthetic_mesh
01:41:10 | INFO: Primitives created: 2
01:41:10 | INFO: Extracting primitive: finger_thumb_l_real_mesh
01:41:10 | INFO: Primitives created: 1
01:41:10 | INFO: Extracting primitive: finger_thumb_r_cap_mesh
01:41:10 | INFO: Primitives created: 1
01:41:10 | INFO: Extracting primitive: finger_thumb_r_prosthetic_mesh
01:41:10 | INFO: Primitives created: 2
01:41:10 | INFO: Extracting primitive: finger_thumb_r_real_mesh
01:41:10 | INFO: Primitives created: 1
01:41:13 | INFO: Finished glTF 2.0 export in 3.23335599899292 s
Fra:1 Mem:18.18M (Peak 18.18M) | Time:00:00.00 | Mem:0.00M, Peak:0.00M | Scene, ViewLayer | Synchronizing object | char_dealer_body
Fra:1 Mem:18.30M (Peak 18.30M) | Time:00:00.00 | Mem:0.00M, Peak:0.00M | Scene, ViewLayer | Synchronizing object | finger_thumb_l_real
Fra:1 Mem:18.71M (Peak 18.71M) | Time:00:00.00 | Mem:0.00M, Peak:0.00M | Scene, ViewLayer | Synchronizing object | finger_index_l_real
Fra:1 Mem:18.71M (Peak 18.71M) | Time:00:00.00 | Mem:0.00M, Peak:0.00M | Scene, ViewLayer | Synchronizing object | preview_rim
Fra:1 Mem:18.73M (Peak 18.73M) | Time:00:00.00 | Mem:0.00M, Peak:0.00M | Scene, ViewLayer | Synchronizing object | finger_ring_l_real
Fra:1 Mem:18.73M (Peak 18.73M) | Time:00:00.00 | Mem:0.00M, Peak:0.00M | Scene, ViewLayer | Synchronizing object | preview_fill
Fra:1 Mem:18.74M (Peak 18.74M) | Time:00:00.00 | Mem:0.00M, Peak:0.00M | Scene, ViewLayer | Synchronizing object | preview_key
Fra:1 Mem:18.74M (Peak 18.74M) | Time:00:00.00 | Mem:0.00M, Peak:0.00M | Scene, ViewLayer | Synchronizing object | preview_floor
Fra:1 Mem:18.75M (Peak 18.75M) | Time:00:00.00 | Mem:0.00M, Peak:0.00M | Scene, ViewLayer | Synchronizing object | finger_pinky_l_real
Fra:1 Mem:18.85M (Peak 18.85M) | Time:00:00.00 | Mem:0.00M, Peak:0.00M | Scene, ViewLayer | Synchronizing object | finger_pinky_r_real
Fra:1 Mem:18.85M (Peak 18.85M) | Time:00:00.00 | Mem:0.00M, Peak:0.00M | Scene, ViewLayer | Synchronizing object | finger_index_r_real
Fra:1 Mem:18.87M (Peak 18.87M) | Time:00:00.00 | Mem:0.00M, Peak:0.00M | Scene, ViewLayer | Synchronizing object | finger_middle_r_real
Fra:1 Mem:18.88M (Peak 18.88M) | Time:00:00.00 | Mem:0.00M, Peak:0.00M | Scene, ViewLayer | Synchronizing object | finger_ring_r_real
Fra:1 Mem:18.91M (Peak 18.91M) | Time:00:00.00 | Mem:0.00M, Peak:0.00M | Scene, ViewLayer | Initializing
Fra:1 Mem:17.29M (Peak 18.91M) | Time:00:00.00 | Mem:0.00M, Peak:0.00M | Scene, ViewLayer | Waiting for render to start
Fra:1 Mem:17.29M (Peak 18.91M) | Time:00:00.00 | Mem:0.00M, Peak:0.00M | Scene, ViewLayer | Updating Scene
Fra:1 Mem:17.29M (Peak 18.91M) | Time:00:00.00 | Mem:0.00M, Peak:0.00M | Scene, ViewLayer | Updating Shaders
Fra:1 Mem:17.38M (Peak 18.91M) | Time:00:00.00 | Mem:0.00M, Peak:0.00M | Scene, ViewLayer | Loading render kernels (may take a few minutes the first time)
Fra:1 Mem:17.38M (Peak 18.91M) | Time:00:00.00 | Mem:0.00M, Peak:0.00M | Scene, ViewLayer | Updating Procedurals
Fra:1 Mem:17.38M (Peak 18.91M) | Time:00:00.00 | Mem:0.00M, Peak:0.00M | Scene, ViewLayer | Updating Background
Fra:1 Mem:17.38M (Peak 18.91M) | Time:00:00.00 | Mem:0.00M, Peak:0.00M | Scene, ViewLayer | Updating Camera
Fra:1 Mem:17.38M (Peak 18.91M) | Time:00:00.00 | Mem:0.00M, Peak:0.00M | Scene, ViewLayer | Updating Meshes Flags
Fra:1 Mem:17.38M (Peak 18.91M) | Time:00:00.00 | Mem:0.00M, Peak:0.00M | Scene, ViewLayer | Updating Objects
Fra:1 Mem:17.38M (Peak 18.91M) | Time:00:00.00 | Mem:0.00M, Peak:0.00M | Scene, ViewLayer | Updating Objects | Copying Transformations to device
Fra:1 Mem:17.38M (Peak 18.91M) | Time:00:00.00 | Mem:0.01M, Peak:0.01M | Scene, ViewLayer | Updating Particle Systems
Fra:1 Mem:17.38M (Peak 18.91M) | Time:00:00.00 | Mem:0.01M, Peak:0.01M | Scene, ViewLayer | Updating Particle Systems | Copying Particles to device
Fra:1 Mem:17.38M (Peak 18.91M) | Time:00:00.00 | Mem:0.01M, Peak:0.01M | Scene, ViewLayer | Updating Meshes
Fra:1 Mem:17.38M (Peak 18.91M) | Time:00:00.00 | Mem:0.01M, Peak:0.01M | Scene, ViewLayer | Updating Objects | Applying Static Transformations
Fra:1 Mem:17.38M (Peak 18.91M) | Time:00:00.00 | Mem:0.01M, Peak:0.01M | Scene, ViewLayer | Updating Mesh | Computing attributes
Fra:1 Mem:17.46M (Peak 18.91M) | Time:00:00.00 | Mem:0.01M, Peak:0.01M | Scene, ViewLayer | Updating Mesh | Copying Attributes to device
Fra:1 Mem:17.46M (Peak 18.91M) | Time:00:00.00 | Mem:0.08M, Peak:0.08M | Scene, ViewLayer | Updating Scene BVH | Building
Fra:1 Mem:17.46M (Peak 18.91M) | Time:00:00.00 | Mem:0.08M, Peak:0.08M | Scene, ViewLayer | Updating Scene BVH | Building BVH
Fra:1 Mem:17.46M (Peak 18.91M) | Time:00:00.00 | Mem:0.41M, Peak:0.41M | Scene, ViewLayer | Updating Scene BVH | Building BVH 0%
Fra:1 Mem:17.46M (Peak 18.91M) | Time:00:00.00 | Mem:0.77M, Peak:1.10M | Scene, ViewLayer | Updating Scene BVH | Copying BVH to device
Fra:1 Mem:17.46M (Peak 18.91M) | Time:00:00.00 | Mem:0.77M, Peak:1.10M | Scene, ViewLayer | Updating Mesh | Computing normals
Fra:1 Mem:17.77M (Peak 18.91M) | Time:00:00.00 | Mem:0.77M, Peak:1.10M | Scene, ViewLayer | Updating Mesh | Copying Mesh to device
Fra:1 Mem:17.77M (Peak 18.91M) | Time:00:00.00 | Mem:1.08M, Peak:1.10M | Scene, ViewLayer | Updating Objects Flags
Fra:1 Mem:17.77M (Peak 18.91M) | Time:00:00.00 | Mem:1.08M, Peak:1.10M | Scene, ViewLayer | Updating Primitive Offsets
Fra:1 Mem:17.77M (Peak 18.91M) | Time:00:00.00 | Mem:1.08M, Peak:1.10M | Scene, ViewLayer | Updating Images
Fra:1 Mem:17.77M (Peak 18.91M) | Time:00:00.00 | Mem:1.08M, Peak:1.10M | Scene, ViewLayer | Updating Camera Volume
Fra:1 Mem:17.77M (Peak 18.91M) | Time:00:00.00 | Mem:1.08M, Peak:1.10M | Scene, ViewLayer | Updating Lookup Tables
Fra:1 Mem:17.77M (Peak 18.91M) | Time:00:00.00 | Mem:1.16M, Peak:1.16M | Scene, ViewLayer | Updating Lights
Fra:1 Mem:17.77M (Peak 18.91M) | Time:00:00.00 | Mem:1.16M, Peak:1.16M | Scene, ViewLayer | Updating Lights | Computing tree
Fra:1 Mem:17.77M (Peak 18.91M) | Time:00:00.00 | Mem:1.16M, Peak:1.16M | Scene, ViewLayer | Updating Integrator
Fra:1 Mem:17.77M (Peak 18.91M) | Time:00:00.00 | Mem:1.16M, Peak:1.16M | Scene, ViewLayer | Updating Film
Fra:1 Mem:17.77M (Peak 18.91M) | Time:00:00.00 | Mem:1.08M, Peak:1.16M | Scene, ViewLayer | Updating Lookup Tables
Fra:1 Mem:17.77M (Peak 18.91M) | Time:00:00.00 | Mem:1.16M, Peak:1.16M | Scene, ViewLayer | Updating Baking
Fra:1 Mem:17.77M (Peak 18.91M) | Time:00:00.00 | Mem:1.16M, Peak:1.16M | Scene, ViewLayer | Updating Device | Writing constant memory
Fra:1 Mem:17.78M (Peak 18.91M) | Time:00:00.00 | Mem:1.16M, Peak:1.16M | Scene, ViewLayer | Loading denoising kernels (may take a few minutes the first time)
Fra:1 Mem:17.78M (Peak 18.91M) | Time:00:00.00 | Mem:1.16M, Peak:1.16M | Scene, ViewLayer | Sample 0/32
Fra:1 Mem:64.90M (Peak 64.90M) | Time:00:00.09 | Remaining:00:02.74 | Mem:48.13M, Peak:48.13M | Scene, ViewLayer | Sample 1/32
Fra:1 Mem:84.68M (Peak 114.35M) | Time:00:04.19 | Mem:48.13M, Peak:48.13M | Scene, ViewLayer | Sample 32/32
Fra:1 Mem:84.68M (Peak 114.35M) | Time:00:04.20 | Mem:48.13M, Peak:48.13M | Scene, ViewLayer | Finished
Saved: '/Users/quyen.tran5/lairgame/assets/previews/dealer.png'
Time: 00:04.24 (Saving: 00:00.04)


Info: Saved as "char_dealer.blend"
01:41:17 | INFO: Starting glTF 2.0 export
01:41:17 | INFO: Extracting primitive: prop_cards_mesh
01:41:17 | INFO: Primitives created: 3
01:41:17 | INFO: Finished glTF 2.0 export in 0.00409698486328125 s

01:41:17 | INFO: Starting glTF 2.0 export
01:41:17 | INFO: Extracting primitive: prop_chips_mesh
01:41:17 | INFO: Primitives created: 2
01:41:17 | INFO: Finished glTF 2.0 export in 0.0024690628051757812 s

01:41:17 | INFO: Starting glTF 2.0 export
01:41:17 | INFO: Extracting primitive: prop_sleeve_mesh
01:41:17 | INFO: Primitives created: 3
01:41:17 | INFO: Finished glTF 2.0 export in 0.003323078155517578 s

01:41:17 | INFO: Starting glTF 2.0 export
01:41:17 | INFO: Extracting primitive: prop_mark_mesh
01:41:17 | INFO: Primitives created: 3
01:41:17 | INFO: Finished glTF 2.0 export in 0.002866983413696289 s

01:41:17 | INFO: Starting glTF 2.0 export
01:41:17 | INFO: Extracting primitive: prop_mirror_mesh
01:41:17 | INFO: Primitives created: 3
01:41:17 | INFO: Finished glTF 2.0 export in 0.003378152847290039 s

01:41:17 | INFO: Starting glTF 2.0 export
01:41:17 | INFO: Extracting primitive: prop_coin_mesh
01:41:17 | INFO: Primitives created: 2
01:41:17 | INFO: Finished glTF 2.0 export in 0.0025920867919921875 s

01:41:17 | INFO: Starting glTF 2.0 export
01:41:17 | INFO: Extracting primitive: prop_lighter_mesh
01:41:17 | INFO: Primitives created: 3
01:41:17 | INFO: Finished glTF 2.0 export in 0.003876924514770508 s

01:41:17 | INFO: Starting glTF 2.0 export
01:41:17 | INFO: Extracting primitive: prop_prosthetics_mesh
01:41:17 | INFO: Primitives created: 2
01:41:17 | INFO: Finished glTF 2.0 export in 0.004207134246826172 s

01:41:17 | INFO: Starting glTF 2.0 export
01:41:17 | INFO: Extracting primitive: prop_cloth_mesh
01:41:17 | INFO: Primitives created: 1
01:41:17 | INFO: Finished glTF 2.0 export in 0.0021162033081054688 s

01:41:17 | INFO: Starting glTF 2.0 export
01:41:17 | INFO: Extracting primitive: prop_copy_paper_mesh
01:41:17 | INFO: Primitives created: 1
01:41:17 | INFO: Finished glTF 2.0 export in 0.0017511844635009766 s

01:41:17 | INFO: Starting glTF 2.0 export
01:41:17 | INFO: Extracting primitive: prop_magic_card_mesh
01:41:17 | INFO: Primitives created: 2
01:41:17 | INFO: Finished glTF 2.0 export in 0.002212047576904297 s

01:41:17 | INFO: Starting glTF 2.0 export
01:41:17 | INFO: Extracting primitive: prop_deck_mesh
01:41:17 | INFO: Primitives created: 3
01:41:17 | INFO: Finished glTF 2.0 export in 0.0031349658966064453 s

01:41:17 | INFO: Starting glTF 2.0 export
01:41:17 | INFO: Extracting primitive: prop_cup_mesh
01:41:17 | INFO: Primitives created: 2
01:41:17 | INFO: Finished glTF 2.0 export in 0.004038095474243164 s

01:41:17 | INFO: Starting glTF 2.0 export
01:41:17 | INFO: Extracting primitive: prop_axis_calibration_mesh
01:41:17 | INFO: Primitives created: 3
01:41:17 | INFO: Finished glTF 2.0 export in 0.003511190414428711 s
Read blend: "/Users/quyen.tran5/lairgame/assets/blender/environments/env_saloon.blend"
Fra:1 Mem:38.03M (Peak 65.50M) | Time:00:00.03 | Mem:0.00M, Peak:0.00M | Scene, ViewLayer | Synchronizing object | finger_thumb_r_real
Fra:1 Mem:38.03M (Peak 65.50M) | Time:00:00.03 | Mem:0.00M, Peak:0.00M | Scene, ViewLayer | Synchronizing object | finger_pinky_l_real
Fra:1 Mem:38.05M (Peak 65.50M) | Time:00:00.03 | Mem:0.00M, Peak:0.00M | Scene, ViewLayer | Synchronizing object | finger_index_r_real
Fra:1 Mem:38.06M (Peak 65.50M) | Time:00:00.03 | Mem:0.00M, Peak:0.00M | Scene, ViewLayer | Synchronizing object | char_coyote_body
Fra:1 Mem:38.08M (Peak 65.50M) | Time:00:00.03 | Mem:0.00M, Peak:0.00M | Scene, ViewLayer | Synchronizing object | finger_thumb_r_real.001
Fra:1 Mem:38.11M (Peak 65.50M) | Time:00:00.03 | Mem:0.00M, Peak:0.00M | Scene, ViewLayer | Synchronizing object | finger_thumb_l_real.001
Fra:1 Mem:38.12M (Peak 65.50M) | Time:00:00.03 | Mem:0.00M, Peak:0.00M | Scene, ViewLayer | Synchronizing object | finger_ring_r_real.001
Fra:1 Mem:38.14M (Peak 65.50M) | Time:00:00.03 | Mem:0.00M, Peak:0.00M | Scene, ViewLayer | Synchronizing object | finger_ring_l_real.001
Fra:1 Mem:38.15M (Peak 65.50M) | Time:00:00.03 | Mem:0.00M, Peak:0.00M | Scene, ViewLayer | Synchronizing object | finger_pinky_l_real.001
Fra:1 Mem:38.18M (Peak 65.50M) | Time:00:00.03 | Mem:0.00M, Peak:0.00M | Scene, ViewLayer | Synchronizing object | finger_middle_r_real.001
Fra:1 Mem:38.33M (Peak 65.50M) | Time:00:00.03 | Mem:0.00M, Peak:0.00M | Scene, ViewLayer | Synchronizing object | finger_middle_l_real.001
Fra:1 Mem:38.80M (Peak 65.50M) | Time:00:00.03 | Mem:0.00M, Peak:0.00M | Scene, ViewLayer | Synchronizing object | finger_index_r_real.001
Fra:1 Mem:38.89M (Peak 65.50M) | Time:00:00.03 | Mem:0.00M, Peak:0.00M | Scene, ViewLayer | Synchronizing object | finger_index_l_real.001
Fra:1 Mem:38.93M (Peak 65.50M) | Time:00:00.03 | Mem:0.00M, Peak:0.00M | Scene, ViewLayer | Synchronizing object | char_lynx_body
Fra:1 Mem:38.95M (Peak 65.50M) | Time:00:00.03 | Mem:0.00M, Peak:0.00M | Scene, ViewLayer | Synchronizing object | finger_thumb_r_real.002
Fra:1 Mem:39.53M (Peak 65.50M) | Time:00:00.03 | Mem:0.00M, Peak:0.00M | Scene, ViewLayer | Synchronizing object | finger_thumb_l_real.002
Fra:1 Mem:39.66M (Peak 65.50M) | Time:00:00.03 | Mem:0.00M, Peak:0.00M | Scene, ViewLayer | Synchronizing object | finger_ring_r_real.002
Fra:1 Mem:39.68M (Peak 65.50M) | Time:00:00.03 | Mem:0.00M, Peak:0.00M | Scene, ViewLayer | Synchronizing object | finger_ring_l_real.002
Fra:1 Mem:39.70M (Peak 65.50M) | Time:00:00.03 | Mem:0.00M, Peak:0.00M | Scene, ViewLayer | Synchronizing object | finger_pinky_r_real.002
Fra:1 Mem:39.75M (Peak 65.50M) | Time:00:00.03 | Mem:0.00M, Peak:0.00M | Scene, ViewLayer | Synchronizing object | finger_middle_r_real.002
Fra:1 Mem:39.77M (Peak 65.50M) | Time:00:00.03 | Mem:0.00M, Peak:0.00M | Scene, ViewLayer | Synchronizing object | finger_middle_l_real.002
Fra:1 Mem:39.87M (Peak 65.50M) | Time:00:00.03 | Mem:0.00M, Peak:0.00M | Scene, ViewLayer | Synchronizing object | finger_index_r_real.002
Fra:1 Mem:40.05M (Peak 65.50M) | Time:00:00.03 | Mem:0.00M, Peak:0.00M | Scene, ViewLayer | Synchronizing object | finger_index_l_real.002
Fra:1 Mem:40.10M (Peak 65.50M) | Time:00:00.03 | Mem:0.00M, Peak:0.00M | Scene, ViewLayer | Synchronizing object | finger_ring_r_real.003
Fra:1 Mem:40.11M (Peak 65.50M) | Time:00:00.03 | Mem:0.00M, Peak:0.00M | Scene, ViewLayer | Synchronizing object | finger_ring_l_real.003
Fra:1 Mem:40.12M (Peak 65.50M) | Time:00:00.03 | Mem:0.00M, Peak:0.00M | Scene, ViewLayer | Synchronizing object | finger_middle_r_real.003
Fra:1 Mem:40.28M (Peak 65.50M) | Time:00:00.03 | Mem:0.00M, Peak:0.00M | Scene, ViewLayer | Synchronizing object | preview_fill
Fra:1 Mem:40.79M (Peak 65.50M) | Time:00:00.03 | Mem:0.00M, Peak:0.00M | Scene, ViewLayer | Synchronizing object | finger_middle_l_real.003
Fra:1 Mem:40.80M (Peak 65.50M) | Time:00:00.03 | Mem:0.00M, Peak:0.00M | Scene, ViewLayer | Synchronizing object | preview_key
Fra:1 Mem:40.81M (Peak 65.50M) | Time:00:00.03 | Mem:0.00M, Peak:0.00M | Scene, ViewLayer | Synchronizing object | finger_index_l_real.003
Fra:1 Mem:40.97M (Peak 65.50M) | Time:00:00.03 | Mem:0.00M, Peak:0.00M | Scene, ViewLayer | Synchronizing object | char_rabbit_body
Fra:1 Mem:40.97M (Peak 65.50M) | Time:00:00.03 | Mem:0.00M, Peak:0.00M | Scene, ViewLayer | Synchronizing object | finger_thumb_r_real.004
Fra:1 Mem:41.10M (Peak 65.50M) | Time:00:00.03 | Mem:0.00M, Peak:0.00M | Scene, ViewLayer | Synchronizing object | finger_thumb_l_real.004
Fra:1 Mem:41.47M (Peak 65.50M) | Time:00:00.03 | Mem:0.00M, Peak:0.00M | Scene, ViewLayer | Synchronizing object | env_saloon_sign
Fra:1 Mem:41.69M (Peak 65.50M) | Time:00:00.03 | Mem:0.00M, Peak:0.00M | Scene, ViewLayer | Synchronizing object | finger_ring_l_real.004
Fra:1 Mem:42.49M (Peak 65.50M) | Time:00:00.03 | Mem:0.00M, Peak:0.00M | Scene, ViewLayer | Synchronizing object | finger_pinky_r_real.004
Fra:1 Mem:42.71M (Peak 65.50M) | Time:00:00.03 | Mem:0.00M, Peak:0.00M | Scene, ViewLayer | Synchronizing object | finger_middle_r_real.004
Fra:1 Mem:42.72M (Peak 65.50M) | Time:00:00.03 | Mem:0.00M, Peak:0.00M | Scene, ViewLayer | Synchronizing object | finger_index_l_real.004
Fra:1 Mem:42.83M (Peak 65.50M) | Time:00:00.03 | Mem:0.00M, Peak:0.00M | Scene, ViewLayer | Synchronizing object | env_saloon
Fra:1 Mem:47.55M (Peak 65.50M) | Time:00:00.03 | Mem:0.00M, Peak:0.00M | Scene, ViewLayer | Initializing
Fra:1 Mem:35.87M (Peak 65.50M) | Time:00:00.03 | Mem:0.00M, Peak:0.00M | Scene, ViewLayer | Waiting for render to start
Fra:1 Mem:35.87M (Peak 65.50M) | Time:00:00.03 | Mem:0.00M, Peak:0.00M | Scene, ViewLayer | Updating Scene
Fra:1 Mem:35.87M (Peak 65.50M) | Time:00:00.03 | Mem:0.00M, Peak:0.00M | Scene, ViewLayer | Updating Shaders
Fra:1 Mem:35.97M (Peak 65.50M) | Time:00:00.03 | Mem:0.00M, Peak:0.00M | Scene, ViewLayer | Loading render kernels (may take a few minutes the first time)
Fra:1 Mem:35.97M (Peak 65.50M) | Time:00:00.03 | Mem:0.02M, Peak:0.02M | Scene, ViewLayer | Updating Procedurals
Fra:1 Mem:35.97M (Peak 65.50M) | Time:00:00.03 | Mem:0.02M, Peak:0.02M | Scene, ViewLayer | Updating Background
Fra:1 Mem:35.97M (Peak 65.50M) | Time:00:00.03 | Mem:0.02M, Peak:0.02M | Scene, ViewLayer | Updating Camera
Fra:1 Mem:35.97M (Peak 65.50M) | Time:00:00.03 | Mem:0.02M, Peak:0.02M | Scene, ViewLayer | Updating Meshes Flags
Fra:1 Mem:35.97M (Peak 65.50M) | Time:00:00.03 | Mem:0.02M, Peak:0.02M | Scene, ViewLayer | Updating Objects
Fra:1 Mem:35.97M (Peak 65.50M) | Time:00:00.03 | Mem:0.02M, Peak:0.02M | Scene, ViewLayer | Updating Objects | Copying Transformations to device
Fra:1 Mem:35.99M (Peak 65.50M) | Time:00:00.03 | Mem:0.04M, Peak:0.04M | Scene, ViewLayer | Updating Particle Systems
Fra:1 Mem:35.99M (Peak 65.50M) | Time:00:00.03 | Mem:0.04M, Peak:0.04M | Scene, ViewLayer | Updating Particle Systems | Copying Particles to device
Fra:1 Mem:35.99M (Peak 65.50M) | Time:00:00.03 | Mem:0.04M, Peak:0.04M | Scene, ViewLayer | Updating Meshes
Fra:1 Mem:35.99M (Peak 65.50M) | Time:00:00.03 | Mem:0.04M, Peak:0.04M | Scene, ViewLayer | Updating Objects | Applying Static Transformations
Fra:1 Mem:35.99M (Peak 65.50M) | Time:00:00.03 | Mem:0.04M, Peak:0.04M | Scene, ViewLayer | Updating Mesh | Computing attributes
Fra:1 Mem:36.77M (Peak 65.50M) | Time:00:00.03 | Mem:0.04M, Peak:0.04M | Scene, ViewLayer | Updating Mesh | Copying Attributes to device
Fra:1 Mem:36.76M (Peak 65.50M) | Time:00:00.03 | Mem:0.81M, Peak:0.81M | Scene, ViewLayer | Updating Scene BVH | Building
Fra:1 Mem:36.76M (Peak 65.50M) | Time:00:00.03 | Mem:0.81M, Peak:0.81M | Scene, ViewLayer | Updating Scene BVH | Building BVH
Fra:1 Mem:36.76M (Peak 65.50M) | Time:00:00.03 | Mem:4.44M, Peak:4.44M | Scene, ViewLayer | Updating Scene BVH | Building BVH 0%
Fra:1 Mem:36.76M (Peak 65.50M) | Time:00:00.03 | Mem:8.77M, Peak:12.39M | Scene, ViewLayer | Updating Scene BVH | Copying BVH to device
Fra:1 Mem:36.76M (Peak 65.50M) | Time:00:00.03 | Mem:8.77M, Peak:12.39M | Scene, ViewLayer | Updating Mesh | Computing normals
Fra:1 Mem:40.12M (Peak 65.50M) | Time:00:00.03 | Mem:8.77M, Peak:12.39M | Scene, ViewLayer | Updating Mesh | Copying Mesh to device
Fra:1 Mem:40.12M (Peak 65.50M) | Time:00:00.03 | Mem:12.12M, Peak:12.39M | Scene, ViewLayer | Updating Objects Flags
Fra:1 Mem:40.12M (Peak 65.50M) | Time:00:00.03 | Mem:12.12M, Peak:12.39M | Scene, ViewLayer | Updating Primitive Offsets
Fra:1 Mem:40.12M (Peak 65.50M) | Time:00:00.03 | Mem:12.12M, Peak:12.39M | Scene, ViewLayer | Updating Images
Fra:1 Mem:40.12M (Peak 65.50M) | Time:00:00.03 | Mem:12.12M, Peak:12.39M | Scene, ViewLayer | Updating Camera Volume
Fra:1 Mem:40.12M (Peak 65.50M) | Time:00:00.03 | Mem:12.12M, Peak:12.39M | Scene, ViewLayer | Updating Lookup Tables
Fra:1 Mem:40.12M (Peak 65.50M) | Time:00:00.03 | Mem:12.20M, Peak:12.39M | Scene, ViewLayer | Updating Lights
Fra:1 Mem:40.12M (Peak 65.50M) | Time:00:00.03 | Mem:12.20M, Peak:12.39M | Scene, ViewLayer | Updating Lights | Computing tree
Fra:1 Mem:40.37M (Peak 65.50M) | Time:00:00.03 | Mem:12.46M, Peak:12.46M | Scene, ViewLayer | Updating Integrator
Fra:1 Mem:40.37M (Peak 65.50M) | Time:00:00.03 | Mem:12.46M, Peak:12.46M | Scene, ViewLayer | Updating Film
Fra:1 Mem:40.37M (Peak 65.50M) | Time:00:00.03 | Mem:12.38M, Peak:12.46M | Scene, ViewLayer | Updating Lookup Tables
Fra:1 Mem:40.37M (Peak 65.50M) | Time:00:00.03 | Mem:12.46M, Peak:12.46M | Scene, ViewLayer | Updating Baking
Fra:1 Mem:40.37M (Peak 65.50M) | Time:00:00.03 | Mem:12.46M, Peak:12.46M | Scene, ViewLayer | Updating Device | Writing constant memory
Fra:1 Mem:40.38M (Peak 65.50M) | Time:00:00.03 | Mem:12.46M, Peak:12.46M | Scene, ViewLayer | Loading denoising kernels (may take a few minutes the first time)
Fra:1 Mem:40.38M (Peak 65.50M) | Time:00:00.03 | Mem:12.46M, Peak:12.46M | Scene, ViewLayer | Sample 0/32
Fra:1 Mem:142.01M (Peak 142.01M) | Time:00:00.43 | Remaining:00:12.15 | Mem:113.93M, Peak:113.93M | Scene, ViewLayer | Sample 1/32
Fra:1 Mem:184.74M (Peak 248.83M) | Time:00:14.64 | Mem:113.93M, Peak:113.93M | Scene, ViewLayer | Sample 32/32
Fra:1 Mem:184.74M (Peak 248.83M) | Time:00:14.64 | Mem:113.93M, Peak:113.93M | Scene, ViewLayer | Finished
Saved: '/Users/quyen.tran5/lairgame/assets/previews/saloon_scene.png'
Time: 00:14.72 (Saving: 00:00.07)

Fra:1 Mem:39.28M (Peak 39.28M) | Time:00:00.03 | Mem:0.00M, Peak:0.00M | Scene, ViewLayer | Synchronizing object | finger_thumb_r_real
Fra:1 Mem:39.28M (Peak 39.28M) | Time:00:00.03 | Mem:0.00M, Peak:0.00M | Scene, ViewLayer | Synchronizing object | finger_pinky_r_real
Fra:1 Mem:39.29M (Peak 39.29M) | Time:00:00.03 | Mem:0.00M, Peak:0.00M | Scene, ViewLayer | Synchronizing object | finger_middle_r_real
Fra:1 Mem:39.31M (Peak 39.31M) | Time:00:00.03 | Mem:0.00M, Peak:0.00M | Scene, ViewLayer | Synchronizing object | finger_middle_l_real
Fra:1 Mem:39.32M (Peak 39.32M) | Time:00:00.03 | Mem:0.00M, Peak:0.00M | Scene, ViewLayer | Synchronizing object | char_coyote_body
Fra:1 Mem:39.33M (Peak 39.33M) | Time:00:00.03 | Mem:0.00M, Peak:0.00M | Scene, ViewLayer | Synchronizing object | finger_thumb_r_real.001
Fra:1 Mem:39.98M (Peak 39.98M) | Time:00:00.03 | Mem:0.00M, Peak:0.00M | Scene, ViewLayer | Synchronizing object | finger_ring_r_real.001
Fra:1 Mem:40.00M (Peak 40.00M) | Time:00:00.03 | Mem:0.00M, Peak:0.00M | Scene, ViewLayer | Synchronizing object | finger_ring_l_real.001
Fra:1 Mem:40.01M (Peak 40.01M) | Time:00:00.03 | Mem:0.00M, Peak:0.00M | Scene, ViewLayer | Synchronizing object | finger_pinky_r_real.001
Fra:1 Mem:40.04M (Peak 40.04M) | Time:00:00.03 | Mem:0.00M, Peak:0.00M | Scene, ViewLayer | Synchronizing object | finger_pinky_l_real.001
Fra:1 Mem:40.04M (Peak 40.04M) | Time:00:00.03 | Mem:0.00M, Peak:0.00M | Scene, ViewLayer | Synchronizing object | finger_middle_r_real.001
Fra:1 Mem:40.18M (Peak 40.18M) | Time:00:00.03 | Mem:0.00M, Peak:0.00M | Scene, ViewLayer | Synchronizing object | char_lynx_body
Fra:1 Mem:40.19M (Peak 40.19M) | Time:00:00.03 | Mem:0.00M, Peak:0.00M | Scene, ViewLayer | Synchronizing object | finger_thumb_r_real.002
Fra:1 Mem:40.20M (Peak 40.20M) | Time:00:00.03 | Mem:0.00M, Peak:0.00M | Scene, ViewLayer | Synchronizing object | preview_rim
Fra:1 Mem:40.22M (Peak 40.22M) | Time:00:00.03 | Mem:0.00M, Peak:0.00M | Scene, ViewLayer | Synchronizing object | finger_ring_r_real.002
Fra:1 Mem:40.23M (Peak 40.23M) | Time:00:00.03 | Mem:0.00M, Peak:0.00M | Scene, ViewLayer | Synchronizing object | finger_ring_l_real.002
Fra:1 Mem:40.24M (Peak 40.24M) | Time:00:00.03 | Mem:0.00M, Peak:0.00M | Scene, ViewLayer | Synchronizing object | finger_pinky_r_real.002
Fra:1 Mem:40.25M (Peak 40.25M) | Time:00:00.03 | Mem:0.00M, Peak:0.00M | Scene, ViewLayer | Synchronizing object | finger_pinky_l_real.002
Fra:1 Mem:40.26M (Peak 40.26M) | Time:00:00.03 | Mem:0.00M, Peak:0.00M | Scene, ViewLayer | Synchronizing object | finger_middle_r_real.002
Fra:1 Mem:40.27M (Peak 40.27M) | Time:00:00.03 | Mem:0.00M, Peak:0.00M | Scene, ViewLayer | Synchronizing object | finger_middle_l_real.002
Fra:1 Mem:40.85M (Peak 40.85M) | Time:00:00.03 | Mem:0.00M, Peak:0.00M | Scene, ViewLayer | Synchronizing object | finger_index_r_real.002
Fra:1 Mem:40.94M (Peak 40.94M) | Time:00:00.03 | Mem:0.00M, Peak:0.00M | Scene, ViewLayer | Synchronizing object | preview_fill
Fra:1 Mem:40.96M (Peak 40.96M) | Time:00:00.03 | Mem:0.00M, Peak:0.00M | Scene, ViewLayer | Synchronizing object | finger_thumb_r_real.003
Fra:1 Mem:41.00M (Peak 41.00M) | Time:00:00.03 | Mem:0.00M, Peak:0.00M | Scene, ViewLayer | Synchronizing object | finger_thumb_l_real.003
Fra:1 Mem:41.01M (Peak 41.01M) | Time:00:00.03 | Mem:0.00M, Peak:0.00M | Scene, ViewLayer | Synchronizing object | finger_pinky_r_real.003
Fra:1 Mem:41.03M (Peak 41.03M) | Time:00:00.03 | Mem:0.00M, Peak:0.00M | Scene, ViewLayer | Synchronizing object | finger_pinky_l_real.003
Fra:1 Mem:41.03M (Peak 41.03M) | Time:00:00.03 | Mem:0.00M, Peak:0.00M | Scene, ViewLayer | Synchronizing object | preview_key
Fra:1 Mem:41.03M (Peak 41.03M) | Time:00:00.03 | Mem:0.00M, Peak:0.00M | Scene, ViewLayer | Synchronizing object | env_saloon_sign
Fra:1 Mem:41.43M (Peak 41.43M) | Time:00:00.03 | Mem:0.00M, Peak:0.00M | Scene, ViewLayer | Synchronizing object | finger_index_r_real.003
Fra:1 Mem:41.55M (Peak 41.55M) | Time:00:00.03 | Mem:0.00M, Peak:0.00M | Scene, ViewLayer | Synchronizing object | char_rabbit_body
Fra:1 Mem:41.57M (Peak 41.57M) | Time:00:00.03 | Mem:0.00M, Peak:0.00M | Scene, ViewLayer | Synchronizing object | finger_thumb_r_real.004
Fra:1 Mem:42.16M (Peak 42.16M) | Time:00:00.03 | Mem:0.00M, Peak:0.00M | Scene, ViewLayer | Synchronizing object | finger_thumb_l_real.004
Fra:1 Mem:42.17M (Peak 42.17M) | Time:00:00.03 | Mem:0.00M, Peak:0.00M | Scene, ViewLayer | Synchronizing object | env_saloon
Fra:1 Mem:42.18M (Peak 42.18M) | Time:00:00.03 | Mem:0.00M, Peak:0.00M | Scene, ViewLayer | Synchronizing object | finger_ring_r_real.004
Fra:1 Mem:42.91M (Peak 42.91M) | Time:00:00.03 | Mem:0.00M, Peak:0.00M | Scene, ViewLayer | Synchronizing object | finger_ring_l_real.004
Fra:1 Mem:42.96M (Peak 42.96M) | Time:00:00.03 | Mem:0.00M, Peak:0.00M | Scene, ViewLayer | Synchronizing object | finger_pinky_r_real.004
Fra:1 Mem:45.52M (Peak 45.52M) | Time:00:00.03 | Mem:0.00M, Peak:0.00M | Scene, ViewLayer | Synchronizing object | char_dealer_body
Fra:1 Mem:47.55M (Peak 47.55M) | Time:00:00.03 | Mem:0.00M, Peak:0.00M | Scene, ViewLayer | Initializing
Fra:1 Mem:35.87M (Peak 47.55M) | Time:00:00.03 | Mem:0.00M, Peak:0.00M | Scene, ViewLayer | Waiting for render to start
Fra:1 Mem:35.87M (Peak 47.55M) | Time:00:00.03 | Mem:0.00M, Peak:0.00M | Scene, ViewLayer | Updating Scene
Fra:1 Mem:35.87M (Peak 47.55M) | Time:00:00.03 | Mem:0.00M, Peak:0.00M | Scene, ViewLayer | Updating Shaders
Fra:1 Mem:35.97M (Peak 47.55M) | Time:00:00.03 | Mem:0.00M, Peak:0.00M | Scene, ViewLayer | Loading render kernels (may take a few minutes the first time)
Fra:1 Mem:35.97M (Peak 47.55M) | Time:00:00.03 | Mem:0.02M, Peak:0.02M | Scene, ViewLayer | Updating Procedurals
Fra:1 Mem:35.97M (Peak 47.55M) | Time:00:00.03 | Mem:0.02M, Peak:0.02M | Scene, ViewLayer | Updating Background
Fra:1 Mem:35.97M (Peak 47.55M) | Time:00:00.03 | Mem:0.02M, Peak:0.02M | Scene, ViewLayer | Updating Camera
Fra:1 Mem:35.97M (Peak 47.55M) | Time:00:00.03 | Mem:0.02M, Peak:0.02M | Scene, ViewLayer | Updating Meshes Flags
Fra:1 Mem:35.97M (Peak 47.55M) | Time:00:00.03 | Mem:0.02M, Peak:0.02M | Scene, ViewLayer | Updating Objects
Fra:1 Mem:35.97M (Peak 47.55M) | Time:00:00.03 | Mem:0.02M, Peak:0.02M | Scene, ViewLayer | Updating Objects | Copying Transformations to device
Fra:1 Mem:35.99M (Peak 47.55M) | Time:00:00.03 | Mem:0.04M, Peak:0.04M | Scene, ViewLayer | Updating Particle Systems
Fra:1 Mem:35.99M (Peak 47.55M) | Time:00:00.03 | Mem:0.04M, Peak:0.04M | Scene, ViewLayer | Updating Particle Systems | Copying Particles to device
Fra:1 Mem:35.99M (Peak 47.55M) | Time:00:00.03 | Mem:0.04M, Peak:0.04M | Scene, ViewLayer | Updating Meshes
Fra:1 Mem:35.99M (Peak 47.55M) | Time:00:00.03 | Mem:0.04M, Peak:0.04M | Scene, ViewLayer | Updating Objects | Applying Static Transformations
Fra:1 Mem:35.99M (Peak 47.55M) | Time:00:00.03 | Mem:0.04M, Peak:0.04M | Scene, ViewLayer | Updating Mesh | Computing attributes
Fra:1 Mem:36.77M (Peak 47.55M) | Time:00:00.03 | Mem:0.04M, Peak:0.04M | Scene, ViewLayer | Updating Mesh | Copying Attributes to device
Fra:1 Mem:36.76M (Peak 47.55M) | Time:00:00.03 | Mem:0.81M, Peak:0.81M | Scene, ViewLayer | Updating Scene BVH | Building
Fra:1 Mem:36.76M (Peak 47.55M) | Time:00:00.03 | Mem:0.81M, Peak:0.81M | Scene, ViewLayer | Updating Scene BVH | Building BVH
Fra:1 Mem:36.76M (Peak 47.55M) | Time:00:00.03 | Mem:4.44M, Peak:4.44M | Scene, ViewLayer | Updating Scene BVH | Building BVH 0%
Fra:1 Mem:36.76M (Peak 47.55M) | Time:00:00.04 | Mem:8.77M, Peak:12.39M | Scene, ViewLayer | Updating Scene BVH | Copying BVH to device
Fra:1 Mem:36.76M (Peak 47.55M) | Time:00:00.04 | Mem:8.77M, Peak:12.39M | Scene, ViewLayer | Updating Mesh | Computing normals
Fra:1 Mem:40.12M (Peak 47.55M) | Time:00:00.04 | Mem:8.77M, Peak:12.39M | Scene, ViewLayer | Updating Mesh | Copying Mesh to device
Fra:1 Mem:40.12M (Peak 47.55M) | Time:00:00.04 | Mem:12.12M, Peak:12.39M | Scene, ViewLayer | Updating Objects Flags
Fra:1 Mem:40.12M (Peak 47.55M) | Time:00:00.04 | Mem:12.12M, Peak:12.39M | Scene, ViewLayer | Updating Primitive Offsets
Fra:1 Mem:40.12M (Peak 47.55M) | Time:00:00.04 | Mem:12.12M, Peak:12.39M | Scene, ViewLayer | Updating Images
Fra:1 Mem:40.12M (Peak 47.55M) | Time:00:00.04 | Mem:12.12M, Peak:12.39M | Scene, ViewLayer | Updating Camera Volume
Fra:1 Mem:40.12M (Peak 47.55M) | Time:00:00.04 | Mem:12.12M, Peak:12.39M | Scene, ViewLayer | Updating Lookup Tables
Fra:1 Mem:40.12M (Peak 47.55M) | Time:00:00.04 | Mem:12.20M, Peak:12.39M | Scene, ViewLayer | Updating Lights
Fra:1 Mem:40.12M (Peak 47.55M) | Time:00:00.04 | Mem:12.20M, Peak:12.39M | Scene, ViewLayer | Updating Lights | Computing tree
Fra:1 Mem:40.37M (Peak 47.55M) | Time:00:00.04 | Mem:12.46M, Peak:12.46M | Scene, ViewLayer | Updating Integrator
Fra:1 Mem:40.37M (Peak 47.55M) | Time:00:00.04 | Mem:12.46M, Peak:12.46M | Scene, ViewLayer | Updating Film
Fra:1 Mem:40.38M (Peak 47.55M) | Time:00:00.04 | Mem:12.38M, Peak:12.46M | Scene, ViewLayer | Updating Lookup Tables
Fra:1 Mem:40.38M (Peak 47.55M) | Time:00:00.04 | Mem:12.46M, Peak:12.46M | Scene, ViewLayer | Updating Baking
Fra:1 Mem:40.38M (Peak 47.55M) | Time:00:00.04 | Mem:12.46M, Peak:12.46M | Scene, ViewLayer | Updating Device | Writing constant memory
Fra:1 Mem:40.38M (Peak 47.55M) | Time:00:00.04 | Mem:12.46M, Peak:12.46M | Scene, ViewLayer | Loading denoising kernels (may take a few minutes the first time)
Fra:1 Mem:40.38M (Peak 47.55M) | Time:00:00.04 | Mem:12.46M, Peak:12.46M | Scene, ViewLayer | Sample 0/32
Fra:1 Mem:142.01M (Peak 142.01M) | Time:00:00.51 | Remaining:00:14.57 | Mem:113.93M, Peak:113.93M | Scene, ViewLayer | Sample 1/32
