Ảnh: 16x10-board-seat0
Ảnh: 16x10-board-seat0
Ảnh: 16x10-hand-seat0
Ảnh: 16x10-board-seat1
Ảnh: 16x10-hand-seat1
Ảnh: 16x10-board-seat2
Ảnh: 16x10-hand-seat2
Ảnh: 16x10-board-seat3
Ảnh: 16x10-hand-seat3
Ảnh: K03-turning-down
Ảnh: K03-back
Ảnh: K03-turning-up
Ảnh: K03-replaced
Ảnh: force-reveal-flight
Ảnh: force-reveal-flip
Ảnh: force-reveal-done
Ảnh: K10-peek-back
Ảnh: K10-peek-edge
Ảnh: K10-peek-face
Ảnh: pulse-slot-flip
Ảnh: pulse-slot-return
Ảnh: pulse-slot-done
Ảnh: popup-seats0-3
Ảnh: multiple-popups-16x10
Ảnh: shuffle-lift
Ảnh: shuffle-split
Ảnh: shuffle-interleave
Ảnh: shuffle-square
Ảnh: shuffle-done
Ảnh: 16x10-final
Ảnh: 16x9-popup-seats0-3
Ảnh: viewer-seat3-popups0-3
