
> dead-mans-draw@0.1.0 build
> npm run build -w @saloon/web && npm run build -w @saloon/server


> @saloon/web@0.1.0 build
> vite build

vite v7.3.6 building client environment for production...
transforming...
✓ 3386 modules transformed.
rendering chunks...
computing gzip size...
dist/index.html                     0.63 kB │ gzip:     0.38 kB
dist/assets/index-D5Mg18pL.css     59.39 kB │ gzip:    13.48 kB
dist/assets/scene-gzRYFCLa.js      46.27 kB │ gzip:    15.73 kB
dist/assets/ui-CPCWfk8U.js        221.81 kB │ gzip:    69.00 kB
dist/assets/index-Xbekx15U.js     267.89 kB │ gzip:    86.04 kB
dist/assets/scene-DB6w7b22.js   7,609.01 kB │ gzip: 1,677.50 kB

(!) Some chunks are larger than 1800 kB after minification. Consider:
- Using dynamic import() to code-split the application
- Use build.rollupOptions.output.manualChunks to improve chunking: https://rollupjs.org/configuration-options/#output-manualchunks
- Adjust chunk size limit for this warning via build.chunkSizeWarningLimit.
✓ built in 1m 43s

> @saloon/server@0.1.0 build
> esbuild src/index.ts --bundle --platform=node --format=esm --outfile=dist/index.js --packages=external --alias:@saloon/rules=../../packages/rules/src/index.ts --alias:@saloon/content=../../packages/content/src/index.ts --alias:@saloon/protocol=../../packages/protocol/src/index.ts --alias:@saloon/bots=../../packages/bots/src/index.ts --sourcemap


  dist/index.js       90.2kb
  dist/index.js.map  179.5kb

⚡ Done in 19ms
