
 RUN  v3.2.7 /Users/quyen.tran5/lairgame

 ✓ packages/content/test/catalog.test.ts (4 tests) 3ms
 ✓ packages/rules/test/poker.test.ts (8 tests) 12ms
 ✓ packages/bots/test/peeks.test.ts (8 tests) 18ms
 ✓ packages/rules/test/magic.test.ts (21 tests) 65ms
 ✓ apps/server/test/unit.test.ts (6 tests) 2ms
 ✓ packages/rules/test/modifiers.test.ts (9 tests) 206ms
stdout | apps/server/test/integration.test.ts
[saloon 2026-10-04T15:02:46.140Z] persistence: json files in /var/folders/lh/02jvs9_d5vj9568p86n3lq600000gp/T/saloon-1YFd9t/rooms

stderr | apps/server/test/integration.test.ts
Error: listen EPERM: operation not permitted 127.0.0.1:30876
    at Server.setupListenHandle [as _listen2] (node:net:1919:21)
    at listenInCluster (node:net:1998:12)
    at node:net:2207:7
    at processTicksAndRejections (node:internal/process/task_queues:89:21)

 ✓ packages/bots/test/bots.test.ts (3 tests) 3769ms
   ✓ bots > four bots (all policies) buy, use, finish matches and conserve chips  3558ms
 ❯ apps/server/test/integration.test.ts (5 tests | 5 skipped) 60011ms
   ↓ saloon server > health + rooms endpoints, CORS
   ↓ saloon server > two humans + 2 bots play a hand; secrecy; dedup; rate limit; reconnect; bad code
   ↓ saloon server > magic: market is private per player; Silent leaks nothing over the wire; non-silent use is public; private events route to one socket
   ↓ saloon server > stress: 50 rapid abrupt disconnect + rejoinKey cycles in lobby, market, playing and mid-game market keep the seat connected
   ↓ saloon server > a non-consented socket death in the lobby keeps the seat for the reconnect window (rejoinKey still works); a consented leave removes it

⎯⎯⎯⎯⎯⎯ Failed Suites 1 ⎯⎯⎯⎯⎯⎯⎯

 FAIL  apps/server/test/integration.test.ts [ apps/server/test/integration.test.ts ]
Error: Hook timed out in 60000ms.
If this is a long-running hook, pass a timeout value as the last argument or configure it globally with "hookTimeout".
 ❯ apps/server/test/integration.test.ts:42:1
     40| }
     41| 
     42| beforeAll(async () => { app = await startServer({ port: PORT, host: '1…
       | ^
     43| afterAll(async () => { await app?.shutdown(); });
     44| 

⎯⎯⎯⎯⎯⎯⎯⎯⎯⎯⎯⎯⎯⎯⎯⎯⎯⎯⎯⎯⎯⎯⎯⎯[1/1]⎯


 Test Files  1 failed | 7 passed (8)
      Tests  59 passed | 5 skipped (64)
   Start at  22:02:45
   Duration  60.93s (transform 335ms, setup 0ms, collect 1.21s, tests 64.09s, environment 1ms, prepare 740ms)

